06-14 15:50:31.573  9204  9266 V OpenXR_DriverLoader: xrGetInstanceProcAddr: xrSubmitDebugUtilsMessageEXT not supported, the extension is not enabled for the requested OpenXR API version or enabled OpenXR extensions
06-14 15:50:31.573  9204  9266 V OpenXR_DriverLoader: xrGetInstanceProcAddr: xrSessionBeginDebugUtilsLabelRegionEXT not supported, the extension is not enabled for the requested OpenXR API version or enabled OpenXR extensions
06-14 15:50:31.573  9204  9266 V OpenXR_DriverLoader: xrGetInstanceProcAddr: xrSessionEndDebugUtilsLabelRegionEXT not supported, the extension is not enabled for the requested OpenXR API version or enabled OpenXR extensions
06-14 15:50:31.573  9204  9266 V OpenXR_DriverLoader: xrGetInstanceProcAddr: xrSessionInsertDebugUtilsLabelEXT not supported, the extension is not enabled for the requested OpenXR API version or enabled OpenXR extensions
06-14 15:50:31.573  9204  9266 V OpenXR-Loader: Verbose [GENERAL | xrCreateInstance | OpenXR-Loader] : Completed loader terminator
06-14 15:50:31.573  9204  9266 V OpenXR_DriverLoader: xrGetInstanceProcAddr: xrSessionBeginDebugUtilsLabelRegionEXT not supported, the extension is not enabled for the requested OpenXR API version or enabled OpenXR extensions
06-14 15:50:31.573  9204  9266 V OpenXR_DriverLoader: xrGetInstanceProcAddr: xrSessionEndDebugUtilsLabelRegionEXT not supported, the extension is not enabled for the requested OpenXR API version or enabled OpenXR extensions
06-14 15:50:31.573  9204  9266 V OpenXR_DriverLoader: xrGetInstanceProcAddr: xrSessionInsertDebugUtilsLabelEXT not supported, the extension is not enabled for the requested OpenXR API version or enabled OpenXR extensions
06-14 15:50:31.573  9204  9266 I OpenXR-Loader: Info [GENERAL | xrCreateInstance | OpenXR-Loader] : LoaderInstance::CreateInstance succeeded with 0 layers enabled and runtime interface - created instance = 0x0000000000000001
06-14 15:50:31.573  9204  9266 V OpenXR-Loader: Verbose [GENERAL | xrCreateInstance | OpenXR-Loader] : Completed loader trampoline
06-14 15:50:31.573  9204  9266 I godot   : OpenXR: Created instance for OpenXR 1.1.54
06-14 15:50:31.573  9204  9266 I godot   : OpenXR: Running on OpenXR runtime:  Oculus   204.161.0
06-14 15:50:31.584  9204  9266 I GodotInputHandler: === New Input Device: Device 0x65414A88A6DDF814
06-14 15:50:31.584  9204  9266 W GodotInputHandler:  - DUPLICATE AXIS VALUE IN LIST: 18
06-14 15:50:31.584  9204  9266 W GodotInputHandler:  - DUPLICATE AXIS VALUE IN LIST: 22
06-14 15:50:31.584  9204  9266 W GodotInputHandler:  - DUPLICATE AXIS VALUE IN LIST: 13
06-14 15:50:31.584  9204  9266 W GodotInputHandler:  - DUPLICATE AXIS VALUE IN LIST: 12
06-14 15:50:31.584  9204  9266 W GodotInputHandler:  - DUPLICATE AXIS VALUE IN LIST: 17
06-14 15:50:31.584  9204  9266 W GodotInputHandler:  - DUPLICATE AXIS VALUE IN LIST: 23
06-14 15:50:31.584  9204  9266 W GodotInputHandler:  - DUPLICATE AXIS VALUE IN LIST: 1
06-14 15:50:31.584  9204  9266 W GodotInputHandler:  - DUPLICATE AXIS VALUE IN LIST: 0
06-14 15:50:31.584  9204  9266 I GodotInputHandler:  - Mapping Android axis 0 to Godot axis 0
06-14 15:50:31.584  9204  9266 I GodotInputHandler:  - Mapping Android axis 1 to Godot axis 1
06-14 15:50:31.584  9204  9266 I GodotInputHandler:  - Mapping Android axis 12 to Godot axis 2
06-14 15:50:31.584  9204  9266 I GodotInputHandler:  - Mapping Android axis 13 to Godot axis 3
06-14 15:50:31.584  9204  9266 I GodotInputHandler:  - Mapping Android axis 17 to Godot axis 4
06-14 15:50:31.584  9204  9266 I GodotInputHandler:  - Mapping Android axis 18 to Godot axis 5
06-14 15:50:31.584  9204  9266 I GodotInputHandler:  - Mapping Android axis 22 to Godot axis 6
06-14 15:50:31.584  9204  9266 I GodotInputHandler:  - Mapping Android axis 23 to Godot axis 7
06-14 15:50:31.997  9204  9266 I godot   : OpenGL API OpenGL ES 3.2 V@0837.0.7 (GIT@3dbacedba8, I13e643cb5c, 1768227585) (Date:01/12/26) - Compatibility - Using Device: Qualcomm - Adreno (TM) 740
06-14 15:50:31.998  9204  9266 D ample.yuuonline: PlayerBase::PlayerBase()
06-14 15:50:31.999  9204  9266 D ample.yuuonline: TrackPlayerBase::TrackPlayerBase()
06-14 15:50:31.999  9204  9266 I libOpenSLES: Emulating old channel mask behavior (ignoring positional mask 0x3, using default mask 0x3 based on channel count of 2)
06-14 15:50:32.003  9204  9266 I AudioTrack: registerVolumetricWindowToken_l session=5041 token=0xb4000072b6121fc0 force=true
06-14 15:50:32.003  9204  9266 I AudioTrack: setPackageForSession_l session=5041 packageName=
06-14 15:50:32.003  9204  9266 W AudioTrack: setPackageForSession_l: packageName is empty
06-14 15:50:32.005  9204  9266 I AudioTrack: registerVolumetricWindowToken_l session=5041 token=0xb4000072b6121fc0 force=false
06-14 15:50:32.006  9204  9266 I godot   : 
06-14 15:50:32.086  9204  9266 V OpenXR_Actions: -- xrSuggestInteractionProfileBindings -
06-14 15:50:32.086  9204  9266 V OpenXR_Actions: -- xrSuggestInteractionProfileBindings -
06-14 15:50:32.086  9204  9266 V OpenXR_Actions: -- xrSuggestInteractionProfileBindings -
06-14 15:50:32.086  9204  9266 V OpenXR_Actions: -- xrSuggestInteractionProfileBindings -
06-14 15:50:32.086  9204  9266 V OpenXR_Actions: -- xrSuggestInteractionProfileBindings -
06-14 15:50:32.087  9204  9266 V OpenXR_Actions: -- xrSuggestInteractionProfileBindings -
06-14 15:50:32.087  9204  9266 V OpenXR_Actions: -- xrSuggestInteractionProfileBindings -
06-14 15:50:32.087  9204  9266 V OpenXR_Actions: -- xrSuggestInteractionProfileBindings -
06-14 15:50:32.087  9204  9266 V OpenXR_Actions: -- xrSuggestInteractionProfileBindings -
06-14 15:50:32.087  9204  9266 V OpenXR_Actions: -- xrSuggestInteractionProfileBindings -
06-14 15:50:32.088  9204  9266 I OpenXR_SessionImpl: ------------ xrCreateSession [start] -----------
06-14 15:50:32.088  9204  9266 I VrRuntimeClient: VrRuntimeClient(): 0xb40000722eb75400
06-14 15:50:32.088  9204  9266 I JVMHandler: JVMHandler: callStaticMethodWithVariableArguments. [functionName:getDisplayID] is valid: [1]
06-14 15:50:32.093  9204  9266 D CompatibilityChangeReporter: Compat change id reported: 263076149; UID 10165; state: ENABLED
06-14 15:50:32.094  9204  9266 I JVMHandler: JVMHandler: callStaticMethodWithVariableArguments. [functionName:getUUIDforVolumetricWindow] is valid: [1]
06-14 15:50:32.094  9204  9266 I JVMHandler: JVMHandler: callStaticMethodWithVariableArguments. [functionName:getLaunchId] is valid: [1]
06-14 15:50:32.097  9204  9266 I VrRuntimeClient: VrRuntimeClient: GetLaunchId 4a5a30fe-8093-4c17-a341-2fa5e5be1dec
06-14 15:50:32.097  9204  9266 I VrRuntimeClient: s_->rssdkClient.InitClient
06-14 15:50:32.097  9204  9266 I RuntimeIPCSystem [RUNTIMEIPC]: RuntimeIPCSystem: Init called: Version: 84, Platform: Android, Build Date: May 31 2026, Build Time: 16:44:38, BuildMode: shared
06-14 15:50:32.101  9204  9266 I RipcClientConnection [RUNTIMEIPC]: Event buffer size (client): 8192
06-14 15:50:32.101  9204  9266 I RipcClientConnection [RUNTIMEIPC]: TryToGetIPCResourcesFromServer: RPC_CONNECTOR_CONNECT_TO_SERVER SUCCESS: Client: com.example.yuuonline:com.example.yuuonline:9204, Server: com.oculus.systemdriver:com.oculus.vrruntimeservice:0 (RuntimeServiceServer), Version: 84, Platform: Android, Build Date: May 31 2026, Build Time: 16:44:38, BuildMode: shared
06-14 15:50:32.101  9204  9266 I RipcClientConnection [RUNTIMEIPC]: EnsureServerConnection: SUCCESS. Client: com.example.yuuonline:com.example.yuuonline:9204, Server: com.oculus.systemdriver:com.oculus.vrruntimeservice:0 (RuntimeServiceServer)
06-14 15:50:32.101  9204  9266 I RipcClient [RUNTIMEIPC]: [RIPC_CONNECT_LOG] ConnectToServer: SUCCESS: Client: com.example.yuuonline:com.example.yuuonline:9204, Server: com.oculus.systemdriver:com.oculus.vrruntimeservice:0 (RuntimeServiceServer)
06-14 15:50:32.101  9204  9300 I VrRuntimeClient: s_->rssdkClient.Connected: com.oculus.systemdriver:com.oculus.vrruntimeservice
06-14 15:50:32.101  9204  9300 I VrRuntimeClient: RegisterClient RequestDescriptor com.example.yuuonline:9204 clientType 0 clientFlags 0 clientSessionPlacement 0 clientLaunchId 4a5a30fe-8093-4c17-a341-2fa5e5be1dec
06-14 15:50:32.104  9204  9300 I VrRuntimeClient: RegisterClient success 
06-14 15:50:32.105  9204  9300 I VrRuntimeClient: RuntimeIPC: ServiceConnected: SharedMemoryDebug: publicReadOnly SharedMemorySize=128 (com.example.yuuonline) sizeof(s_->sharedMemoryPublicReadOnly)=160
06-14 15:50:32.105  9204  9300 I VrRuntimeClient: RuntimeIPC: ServiceConnected: SharedMemoryDebug: privateReadWrite SharedMemorySize=445680 (com.example.yuuonline) sizeof(privateSharedMemorySize)=8
06-14 15:50:32.105  9204  9300 I VrRuntimeClient: nativeRuntimeServiceConnected: SharedMemoryDebug: publicReadOnlyFd=145, privateReadWriteFd=146 (com.example.yuuonline)
06-14 15:50:32.105  9204  9300 I VrRuntimeClient: SharedMemoryDebug: ServiceConnected: V1 layout = false
06-14 15:50:32.109  9204  9266 I VrRuntimeClient: s_->rssdkClient.InitClient SUCCESS. Version: 5.0, Custom: 1.0
06-14 15:50:32.109  9204  9266 I VrRuntimeClient: Connected to VrRuntimeService on attempt 0
06-14 15:50:32.113  9204  9266 I OpenXR_SessionImpl: [com.example.yuuonline] PhaseSync Mode: FRAME_SYNC (GK enabled)
06-14 15:50:32.113  9204  9266 I VrRuntimeClient: SetPhaseSyncMode 4
06-14 15:50:32.113  9204  9266 I VrRuntimeClient: VrRuntimeClient: Init
06-14 15:50:32.113  9204  9266 I JVMHandler: JVMHandler: callStaticMethodWithVariableArguments. [functionName:getDisplayID] is valid: [1]
06-14 15:50:32.116  9204  9266 I RipcClientState [RUNTIMEIPC]: InitServerStateBuffer: SUCCESS. 0, Client: com.example.yuuonline:com.example.yuuonline:9204, Server: com.oculus.systemdriver:com.oculus.vrruntimeservice:0 (RuntimeServiceServer)
06-14 15:50:32.119  9204  9266 D vulkan  : searching for layers in '/data/app/~~jRzcITMZeWkcr5tktMOsGA==/com.example.yuuonline-f_mih3V-0D2i1ZQPXVdIBg==/lib/arm64'
06-14 15:50:32.119  9204  9266 D vulkan  : searching for layers in '/data/app/~~jRzcITMZeWkcr5tktMOsGA==/com.example.yuuonline-f_mih3V-0D2i1ZQPXVdIBg==/base.apk!/lib/arm64-v8a'
06-14 15:50:32.119  9204  9266 D vulkan  : searching for layers in '/apex/com.meta.xr/priv-app/VrDriver/VrDriver.apk!/lib/arm64-v8a'
06-14 15:50:32.124  9204  9266 I JVMHandler: JVMHandler: callStaticMethodWithVariableArguments. [functionName:getFoveationTileOffset] is valid: [1]
06-14 15:50:32.124  9204  9266 I JVMHandler: JVMHandler: callStaticMethodWithVariableArguments. [functionName:getFoveationTileTurnOff] is valid: [1]
06-14 15:50:32.124  9204  9266 I JVMHandler: JVMHandler: callStaticMethodWithVariableArguments. [functionName:getFrameSyncManifestValue] is valid: [1]
06-14 15:50:32.124  9204  9266 I JVMHandler: JVMHandler: callStaticMethodWithVariableArguments. [functionName:getUseForwardHeadPoseFlag] is valid: [1]
06-14 15:50:32.124  9204  9266 I Foveation: InitFoveationClient: TileOffset=0,TileTurnOff=1,TileAlignedFoveation=1
06-14 15:50:32.124  9204  9266 I JVMHandler: JVMHandler: callStaticMethodWithVariableArguments. [functionName:initialize] is valid: [1]
06-14 15:50:32.124  9204  9266 I RuntimeIPCSystem [RUNTIMEIPC]: RuntimeIPCSystem: Init called: Version: 84, Platform: Android, Build Date: May 31 2026, Build Time: 16:44:38, BuildMode: shared
06-14 15:50:32.125  9204  9266 I ClientProcessConnector [RUNTIMEIPC]: GetProcessConnection: com.oculus.guardian:com.oculus.vrguardianservice
06-14 15:50:32.126  9204  9266 I RipcClientConnection [RUNTIMEIPC]: Event buffer size (client): 8192
06-14 15:50:32.126  9204  9266 I RipcClientConnection [RUNTIMEIPC]: TryToGetIPCResourcesFromServer: RPC_CONNECTOR_CONNECT_TO_SERVER SUCCESS: Client: com.example.yuuonline:com.example.yuuonline:9204, Server: com.oculus.guardian:com.oculus.vrguardianservice:0 (guardianserver), Version: 84, Platform: Android, Build Date: May 31 2026, Build Time: 16:44:38, BuildMode: shared
06-14 15:50:32.127  9204  9266 I RipcClientConnection [RUNTIMEIPC]: EnsureServerConnection: SUCCESS. Client: com.example.yuuonline:com.example.yuuonline:9204, Server: com.oculus.guardian:com.oculus.vrguardianservice:0 (guardianserver)
06-14 15:50:32.127  9204  9266 I RipcClient [RUNTIMEIPC]: [RIPC_CONNECT_LOG] ConnectToServer: SUCCESS: Client: com.example.yuuonline:com.example.yuuonline:9204, Server: com.oculus.guardian:com.oculus.vrguardianservice:0 (guardianserver)
06-14 15:50:32.131  9204  9266 I FaceEyeTrackingClientManager: [FaceEyeTrackingClientManager] Initializing FaceEyeTrackingClientManager...
06-14 15:50:32.133  9204  9266 I JVMHandler: JVMHandler: callStaticMethodWithVariableArguments. [functionName:getAllowedAudioCapturePolicy] is valid: [1]
06-14 15:50:32.134  9204  9266 I JVMHandler: JVMHandler: callStaticMethodWithVariableArguments. [functionName:getLaunchId] is valid: [1]
06-14 15:50:32.137  9204  9266 I VrRuntimeClient: VrRuntimeClient: GetLaunchId 4a5a30fe-8093-4c17-a341-2fa5e5be1dec
06-14 15:50:32.137  9204  9266 I LogTimer: CPUTIME: VrRuntimeClient_Init took 23.3211 ms
06-14 15:50:32.137  9204  9266 I Distortion_HmdConfig: Initializing Mesh Decenter Correction
06-14 15:50:32.137  9204  9266 I Distortion_HmdConfig: Decenter tester version = 200
06-14 15:50:32.138  9204  9266 I Distortion_HmdConfig: SetLensPositions - iad=0.0635, left offset=-0.003036,5.55444e-05, right offset=0.00339371,-5.12035e-05
06-14 15:50:32.138  9204  9266 I Distortion_HmdConfig: Initializing Mesh Decenter Correction
06-14 15:50:32.138  9204  9266 I Distortion_HmdConfig: Decenter tester version = 200
06-14 15:50:32.138  9204  9266 I Distortion_HmdConfig: SetLensPositions - iad=0.0635, left offset=-0.003036,5.55444e-05, right offset=0.00339371,-5.12035e-05
06-14 15:50:32.140  9204  9266 I ClientInputSettings: HANDTRACKING: Hands V2.0 enforced.
06-14 15:50:32.140  9204  9266 I ClientInputSettings: HANDTRACKING: YES, in the GK oculus_mobile_enable_hand_tracking_frequency_inter
06-14 15:50:32.140  9204  9266 I JVMHandler: JVMHandler: callStaticMethodWithVariableArguments. [functionName:getApplicationMetadata] is valid: [1]
06-14 15:50:32.140  9204  9266 I ClientInputInterface: HANDTRACKING sethandtrackingfrequency 1
06-14 15:50:32.140  9204  9266 I ClientInputSettings: HANDTRACKING: YES, in the GK oculus_mobile_30hz_handtracking_downclocking
06-14 15:50:32.140  9204  9266 I ClientInputInterface: Set30HzHandtrackingDownclockingGKFlag 1
06-14 15:50:32.140  9204  9266 I ClientInputSettings: HANDTRACKING: NO, not in the GK oculus_mobile_enable_hand_emulation_of_controllers
06-14 15:50:32.140  9204  9266 I ClientInputInterface: HANDTRACKING SetHandTrackingControllerEmulationGkFlag 0
06-14 15:50:32.140  9204  9266 W GkCacheQuerierClient: getGkValue: Query result for 'oculus_xrruntime:arvr_gk_hand_tracking_valid_flags' not successful: 4
06-14 15:50:32.140  9204  9266 W GkHelper: GkHelper: query failed, result code: 4
06-14 15:50:32.140  9204  9266 I ClientInputSettings: HANDTRACKING: NO, not in the GK arvr_gk_hand_tracking_valid_flags
06-14 15:50:32.140  9204  9266 I ActivityLifecycleListener: Registering LifecycleListener
06-14 15:50:32.141  9204  9266 I OpenXR_SessionImpl: xrCreateSession: Activity is already in the ready state.
06-14 15:50:32.141  9204  9266 I OpenXR_Aperture: ------------ ovrCreateApertureMETAX1 -----------
06-14 15:50:32.141  9204  9268 I OpenXR_SessionImpl: nativeOnActivityReady: com.example.yuuonline/com.godot.game.GodotAppLauncher
06-14 15:50:32.141  9204  9268 W ample.yuuonline: Attempt to remove non-JNI local reference
06-14 15:50:32.141  9204  9266 I VrRuntimeClient: CreateAperture: apertureId=11903d1e-b9e2-4f92-9b58-8bf696961108 (source: random), vwToken=6d2f0177-baf7-4095-8b10-759182c145d4
06-14 15:50:32.142  9204  9266 I OpenXR_SessionImpl: ------------ xrCreateSession [end] -----------
06-14 15:50:32.586  9204  9266 V Godot   : OnGodotSetupCompleted
06-14 15:50:32.593  9204  9266 I godot   : OpenXR Initialized Succesfully
06-14 15:50:32.593  9204  9266 V Godot   : OnGodotMainLoopStarted
06-14 15:50:32.593  9204  9266 I VrRuntimeClient: UpdateEvents: Detected STAGE reference space update. Sending reference space update event
06-14 15:50:32.593  9204  9266 I OpenXR_SessionImpl: PostSessionStateChange:[pid: 9204] XR_SESSION_STATE_UNKNOWN -> XR_SESSION_STATE_IDLE
06-14 15:50:32.594  9204  9266 I JVMHandler: JVMHandler: callStaticMethodWithVariableArguments. [functionName:getLaunchId] is valid: [1]
06-14 15:50:32.596  9204  9266 I VrRuntimeClient: VrRuntimeClient: GetLaunchId 4a5a30fe-8093-4c17-a341-2fa5e5be1dec
06-14 15:50:32.596  9204  9266 W VrRuntimeClient: useHzInterstitialCBGKEnabled not enabled
06-14 15:50:32.596  9204  9266 I OpenXR_SessionImpl: PostSessionStateChange:[pid: 9204] XR_SESSION_STATE_IDLE -> XR_SESSION_STATE_READY
06-14 15:50:32.596  9204  9266 I JVMHandler: JVMHandler: callStaticMethodWithVariableArguments. [functionName:getLaunchId] is valid: [1]
06-14 15:50:32.598  9204  9266 I VrRuntimeClient: VrRuntimeClient: GetLaunchId 4a5a30fe-8093-4c17-a341-2fa5e5be1dec
06-14 15:50:32.598  9204  9266 W VrRuntimeClient: useHzInterstitialCBGKEnabled not enabled
06-14 15:50:32.598  9204  9266 I OpenXR_SessionImpl: ------------ xrBeginSession [start] -----------
06-14 15:50:32.598  9204  9266 I DRR     : DRR is supported: 1
06-14 15:50:32.598  9204  9266 I DRR     : DRR is enabled: 0
06-14 15:50:32.600  9204  9266 D OsSdkLoader: OSSDK loading module 'libheadtracker.oculus.so'
06-14 15:50:32.601  9204  9266 D OsSdkLoader: OSSDK loading module 'libossdk.oculus.so'
06-14 15:50:32.602  9204  9266 D MemoryBrokerClient: memorybroker::ClientConnection ctor
06-14 15:50:32.607  9204  9266 W MemoryBrokerClient: Face: failed to remap FACE_TRACKER: getSharedMemoryFileDescriptor (Status(-1, EX_SECURITY): 'missing app permission(s)')
06-14 15:50:32.608  9204  9204 I DefaultSwitchOffs: Moved configs SharedPreferences from CE to DE
06-14 15:50:32.613  9204  9266 W OrthofitClientProvider: OrthofitClientProvider: Failed to get orthofit client functions: undefined symbol: destroyOrthofitClient
06-14 15:50:32.614  9204  9266 I VrRuntimeClient: Mounted state at BeginSession: True
06-14 15:50:32.614  9204  9266 I AppLoadTimeTelemetryCommon: App load time recorded [packageName=com.example.yuuonline, time=1.868373, method="BeginSession", launchType="Launch", launchId="4a5a30fe-8093-4c17-a341-2fa5e5be1dec"]
06-14 15:50:32.614  9204  9266 I LogTimer: CPUTIME: VrRuntimeClient_BeginSession took 15.7405 ms
06-14 15:50:32.614  9204  9266 V SystemActivitiesEvents: SystemActivitiesEvents_Init: client 16777222 already registered
06-14 15:50:32.614  9204  9266 I ClientInputSettings: HANDTRACKING: enabled input settings, setting hand mode control settings to ControllersOnly
06-14 15:50:32.614  9204  9266 I ClientInputSettings: HANDTRACKING package name is com.example.yuuonline
06-14 15:50:32.614  9204  9266 I JVMHandler: JVMHandler: callStaticMethodWithVariableArguments. [functionName:checkPackageHasPermission] is valid: [1]
06-14 15:50:32.615  9204  9266 I JVMHandler: JVMHandler: callStaticMethodWithVariableArguments. [functionName:checkPackageHasPermission] is valid: [1]
06-14 15:50:32.615  9204  9266 I JVMHandler: JVMHandler: callStaticMethodWithVariableArguments. [functionName:checkPackageHasPermission] is valid: [1]
06-14 15:50:32.615  9204  9266 I JVMHandler: JVMHandler: callStaticMethodWithVariableArguments. [functionName:checkPackageHasFeature] is valid: [1]
06-14 15:50:32.615  9204  9266 I ClientInputSettings: HANDTRACKING: feature flag set to 0
06-14 15:50:32.615  9204  9266 I ClientInputInterface: HANDTRACKING sethandmanifest 0
06-14 15:50:32.615  9204  9266 I JVMHandler: JVMHandler: callStaticMethodWithVariableArguments. [functionName:IsNativeActivity] is valid: [1]
06-14 15:50:32.615  9204  9266 I UnifiedTelemetryWrapper: WARNING: Attempting to create Telemetry Event while Handler is null; telemetry will not be recorded for the event: [oculus_mobile_features_used]
06-14 15:50:32.615  9204  9266 I JVMHandler: JVMHandler: callStaticMethodWithVariableArguments. [functionName:EnableInputHooks] is valid: [1]
06-14 15:50:32.616  9204  9266 I JVMHandler: JVMHandler: callStaticMethodWithVariableArguments. [functionName:startListener] is valid: [1]
06-14 15:50:32.616  9204  9266 I InputDeviceManager: ovrInputDeviceManager::Initialize
06-14 15:50:32.617  9204  9266 I GL_Utils: egl = 1.5
06-14 15:50:32.617  9204  9266 I GL_Utils: es3 = TRUE
06-14 15:50:32.617  9204  9266 I GL_Utils: Found: GL_OES_vertex_array_object
06-14 15:50:32.617  9204  9266 I GL_Utils: Found: GL_QCOM_tiled_rendering
06-14 15:50:32.617  9204  9266 I GL_Utils: Found: GL_EXT_sRGB
06-14 15:50:32.617  9204  9266 I GL_Utils: Found: GL_EXT_sRGB_write_control
06-14 15:50:32.617  9204  9266 I GL_Utils: Found: GL_EXT_disjoint_timer_query
06-14 15:50:32.618  9204  9266 I GL_Utils: Found: GL_EXT_buffer_storage
06-14 15:50:32.618  9204  9266 I GL_Utils: Found: GL_EXT_memory_object
06-14 15:50:32.618  9204  9266 I GL_Utils: Found: GL_EXT_memory_object_fd
06-14 15:50:32.618  9204  9266 I GL_Utils: Found: GL_QCOM_texture_foveated
06-14 15:50:32.618  9204  9266 I GL_Utils: Found: GL_KHR_debug
06-14 15:50:32.618  9204  9266 I GL_Utils: Found: GL_OES_EGL_image
06-14 15:50:32.618  9204  9266 I GL_Utils: Found: GL_EXT_texture_border_clamp
06-14 15:50:32.618  9204  9266 I GL_Utils: Found: GL_EXT_texture_filter_anisotropic
06-14 15:50:32.618  9204  9266 I GL_Utils: Found: GL_OES_texture_view
06-14 15:50:32.618  9204  9266 I GL_Utils: Found: GL_EXT_texture_format_sRGB_override
06-14 15:50:32.618  9204  9266 I GL_Utils: Found: GL_IMG_texture_filter_cubic
06-14 15:50:32.618  9204  9266 I GL_Utils: Found: GL_EXT_clip_cull_distance
06-14 15:50:32.618  9204  9266 I GL_Utils: Found: GL_EXT_blend_func_extended
06-14 15:50:32.618  9204  9266 V FrameSync: FrameSync Initialized Instance 0
06-14 15:50:32.618  9204  9266 I VrRuntimeClient: FrameSync Instance created
06-14 15:50:32.618  9204  9266 I JVMHandler: JVMHandler: callStaticMethodWithVariableArguments. [functionName:getClientWindow] is valid: [1]
06-14 15:50:32.619  9204  9266 I JVMHandler: JVMHandler: callStaticMethodWithVariableArguments. [functionName:getActivityID] is valid: [1]
06-14 15:50:32.619  9204  9266 I JVMHandler: JVMHandler: callStaticMethodWithVariableArguments. [functionName:getLaunchId] is valid: [1]
06-14 15:50:32.621  9204  9266 I VrRuntimeClient: VrRuntimeClient: GetLaunchId 4a5a30fe-8093-4c17-a341-2fa5e5be1dec
06-14 15:50:32.624  9204  9266 I JVMHandler: JVMHandler: callStaticMethodWithVariableArguments. [functionName:advertiseStreamablePackage] is valid: [1]
06-14 15:50:32.624  9204  9266 I ScreenCaptureHelper: Advertising com.example.yuuonline as streamable
06-14 15:50:32.624  9204  9266 I VrRuntimeClient: Client has gained focus in BeginRendering.
06-14 15:50:32.625  9204  9266 I VrRuntimeClient: VirtualInputPoseInjection_HighFrequency skipped (automation_enabled_v2 is not set)
06-14 15:50:32.626  9204  9266 I OpenXR_SessionImpl: usesManifestForCpuBoost:0
06-14 15:50:32.626  9204  9266 I OpenXR_SessionImpl: ------------ xrBeginSession [end] -----------
06-14 15:50:32.626  9204  9266 I VrRuntimeClient: SetClientAppColorspace: Rec.709
06-14 15:50:32.626  9204  9335 I RuntimeTelemetryThread: use OVRMetricsToolTrex
06-14 15:50:32.626  9204  9335 W RuntimeTelemetryThread: OVRMetricsToolInterface is not available
06-14 15:50:32.628  9204  9333 W InputDevice_TrackedRemote: Did not pass RIPC GK, fetching controller input data from shared memory
06-14 15:50:32.629  9204  9333 I RipcClientState [RUNTIMEIPC]: InitServerStateBuffer: SUCCESS. 2, Client: com.example.yuuonline:com.example.yuuonline:9204, Server: com.oculus.systemdriver:com.oculus.vrruntimeservice:0 (HandInputDataServer)
06-14 15:50:32.629  9204  9335 I Metrics : device model = Quest 3
06-14 15:50:32.629  9204  9333 I RipcClientState [RUNTIMEIPC]: InitServerStateBuffer: SUCCESS. 3, Client: com.example.yuuonline:com.example.yuuonline:9204, Server: com.oculus.systemdriver:com.oculus.vrruntimeservice:0 (HandInputDataServer)
06-14 15:50:32.629  9204  9335 I [CT]    : Telemetry: EventsLimiter: New event limiter created for event: 'xrruntime_mobile_app_info' with limits of 300 events every 60 second(s).
06-14 15:50:32.629  9204  9333 I InputDevice_Hand: HANDTRACKING ADMIRE hand 0: hpm=0 -> shared=1
06-14 15:50:32.629  9204  9333 I RipcClientState [RUNTIMEIPC]: InitServerStateBuffer: SUCCESS. 4, Client: com.example.yuuonline:com.example.yuuonline:9204, Server: com.oculus.systemdriver:com.oculus.vrruntimeservice:0 (HandInputDataServer)
06-14 15:50:32.629  9204  9266 I OpenXR_Space: xrCreateReferenceSpace: Spaces info
06-14 15:50:32.629  9204  9266 I OpenXR_Space: xrCreateReferenceSpace: Local version=367
06-14 15:50:32.629  9204  9266 I OpenXR_Space: xrCreateReferenceSpace: RawFromLocal       = (0.000, 0.117, 0.000, 0.993), (0.24, 0.55, 2.17)
06-14 15:50:32.629  9204  9266 I OpenXR_Space: xrCreateReferenceSpace: RawFromLocalTilted = (-0.017, -0.118, 0.030, -0.992), (0.24, 0.55, 2.17)
06-14 15:50:32.629  9204  9266 I OpenXR_Space: xrCreateReferenceSpace: Stage IsValid=true
06-14 15:50:32.629  9204  9333 I InputDevice_Hand: HANDTRACKING ADMIRE hand 1: hpm=0 -> shared=1
06-14 15:50:32.629  9204  9266 I OpenXR_Space: xrCreateReferenceSpace: Stage HasActiveSafetyBound=true
06-14 15:50:32.629  9204  9333 I InputDeviceManager: HANDTRACKING Root pose filter profile changed for freq to 20 from 0  inf: 1
06-14 15:50:32.629  9204  9266 I OpenXR_Space: xrCreateReferenceSpace: Stage Width=5.614047, Depth=4.828947
06-14 15:50:32.629  9204  9266 I OpenXR_Space: xrCreateReferenceSpace: RawFromStage       = (0.000, 0.900, 0.000, 0.436), (0.73, -0.66, 0.66)
06-14 15:50:32.629  9204  9335 I RuntimeTelemetryThread: Aligning telemetry thread time, will wait for: 371 ms...
06-14 15:50:32.644  9204  9266 I OpenXR_GPUMemTrace: OpenXR GPU memory tracing is enabled on heap(oculus.OpenXR) with id(2)
06-14 15:50:32.644  9204  9266 V OpenXR_GPUMemTrace: Swapchain creation, id=811, idx=0, width: 2016, height: 2112, array size: 2, MemoryAllocationSize: 33269 KB
06-14 15:50:32.644  9204  9266 V OpenXR_GPUMemTrace: Swapchain creation, id=811, idx=1, width: 2016, height: 2112, array size: 2, MemoryAllocationSize: 33269 KB
06-14 15:50:32.644  9204  9266 V OpenXR_GPUMemTrace: Swapchain creation, id=811, idx=2, width: 2016, height: 2112, array size: 2, MemoryAllocationSize: 33269 KB
06-14 15:50:32.717  9204  9333 I [CT]    : HandPoseSampler: Filter reset
06-14 15:50:32.717  9204  9333 I [CT]    : HandPoseSampler: Filter reset
06-14 15:50:32.728  9204  9333 I InputDevice_TrackedRemote: Using new float conversion.
06-14 15:50:32.728  9204  9333 I InputDevice_TrackedRemote: REMOTE: Hand=1 IndexAnalog=0.00 GripAnalog=0.00 Buttons=0x00000000
06-14 15:50:32.728  9204  9333 I InputDevice_TrackedRemote: REMOTE: Hand=2 IndexAnalog=0.00 GripAnalog=0.00 Buttons=0x00000000
06-14 15:50:32.729  9204  9333 I InputDevice_Hand: HANDTRACKING ADMIRE hand 0: hpm=0 -> shared=0
06-14 15:50:32.729  9204  9333 I InputDevice_Hand: HANDTRACKING ADMIRE hand 1: hpm=0 -> shared=0
06-14 15:50:33.523  9204  9344 I FenceChecker: FenceChecker::MainLoop - started
06-14 15:50:33.528  9204  9266 I OpenXR_SessionImpl: PostSessionStateChange:[pid: 9204] XR_SESSION_STATE_READY -> XR_SESSION_STATE_SYNCHRONIZED
06-14 15:50:33.528  9204  9266 I JVMHandler: JVMHandler: callStaticMethodWithVariableArguments. [functionName:getLaunchId] is valid: [1]
06-14 15:50:33.531  9204  9266 I VrRuntimeClient: VrRuntimeClient: GetLaunchId 4a5a30fe-8093-4c17-a341-2fa5e5be1dec
06-14 15:50:33.531  9204  9266 W VrRuntimeClient: useHzInterstitialCBGKEnabled not enabled
06-14 15:50:33.531  9204  9266 I OpenXR_SessionImpl: PostSessionStateChange:[pid: 9204] XR_SESSION_STATE_SYNCHRONIZED -> XR_SESSION_STATE_VISIBLE
06-14 15:50:33.531  9204  9266 I JVMHandler: JVMHandler: callStaticMethodWithVariableArguments. [functionName:getLaunchId] is valid: [1]
06-14 15:50:33.533  9204  9266 I VrRuntimeClient: VrRuntimeClient: GetLaunchId 4a5a30fe-8093-4c17-a341-2fa5e5be1dec
06-14 15:50:33.533  9204  9266 W VrRuntimeClient: useHzInterstitialCBGKEnabled not enabled
06-14 15:50:33.534  9204  9266 I OpenXR_SessionImpl: PostSessionStateChange:[pid: 9204] XR_SESSION_STATE_VISIBLE -> XR_SESSION_STATE_FOCUSED
06-14 15:50:33.534  9204  9266 I JVMHandler: JVMHandler: callStaticMethodWithVariableArguments. [functionName:getLaunchId] is valid: [1]
06-14 15:50:33.537  9204  9266 I VrRuntimeClient: VrRuntimeClient: GetLaunchId 4a5a30fe-8093-4c17-a341-2fa5e5be1dec
06-14 15:50:33.537  9204  9266 W VrRuntimeClient: useHzInterstitialCBGKEnabled not enabled
06-14 15:50:33.541  9204  9266 I AppLoadTimeTelemetryCommon: App load time recorded [packageName=com.example.yuuonline, time=2.795389, method="BeginFrame (1)", launchType="Launch", launchId="4a5a30fe-8093-4c17-a341-2fa5e5be1dec"]
06-14 15:50:33.552  9204  9266 I Distortion_HmdConfig: Initializing Mesh Decenter Correction
06-14 15:50:33.552  9204  9266 I Distortion_HmdConfig: Decenter tester version = 200
06-14 15:50:33.552  9204  9266 I Distortion_HmdConfig: SetLensPositions - iad=0.0635, left offset=-0.003036,5.55444e-05, right offset=0.00320913,2.82573e-05
06-14 15:50:34.022  9204  9335 V ClientSharedTelemetryStats: App memory usage: PSS=444 MiB, PrivateDirty=413 MiB, PrivateClean=2 MiB, GPU=164.4/164.4 MiB (100% allocated)
06-14 15:50:34.022  9204  9335 I VrApi   : FPS=1/72,Prd=0ms,Tear=0,Early=0,Stale=30,Stale2/5/10/max=0/0/0/0,VSnc=1,Lat=-4,Fov=0,CPU4/GPU=4/4,1651/421MHz,OC=3F,TA=0/38/0,SP=N/N/N,Mem=3196MHz,Free=3709MB,PLS=0,Temp=40.0C/0.0C,TW=0.81ms,App=30032.78ms,GD=0.00ms,CPU&GPU=0.00ms,LCnt=1(DR90,LM0),GPU%=0.32,CPU%=0.53(W0.58),CFL=12.80/17.22,ICFLp95=16.30,LD=0,SF=0.00,LP=0,DVFS=0,Preempt=196,PoseAgeP95=0.00
06-14 15:50:34.022  9204  9335 I [CT]    : Telemetry: EventsLimiter: New event limiter created for event: 'oculus_mobile_features_used' with limits of 300 events every 60 second(s).
06-14 15:50:35.001  9204  9335 I VrApi   : FPS=64/72,Prd=49ms,Tear=2,Early=55,Stale=61,Stale2/5/10/max=0/0/1/89,VSnc=1,Lat=-4,Fov=0,CPU4/GPU=4/4,1651/421MHz,OC=3F,TA=0/38/0,SP=N/N/N,Mem=3196MHz,Free=3709MB,PLS=0,Temp=40.0C/0.0C,TW=1.91ms,App=7.38ms,GD=0.00ms,CPU&GPU=7.70ms,LCnt=2(DR51,LM0),GPU%=0.57,CPU%=0.41(W0.50),CFL=12.37/17.48,ICFLp95=17.08,LD=0,SF=1.20,LP=0,DVFS=0,Preempt=182,PoseAgeP95=0.00
06-14 15:50:35.728  9204  9266 I VrRuntimeClient: UpdateEvents: HMT was UNmounted
06-14 15:50:36.001  9204  9335 I VrApi   : FPS=72/72,Prd=27ms,Tear=0,Early=26,Stale=0,Stale2/5/10/max=0/0/0/0,VSnc=1,Lat=-4,Fov=0,CPU4/GPU=4/4,1651/421MHz,OC=3F,TA=0/38/0,SP=N/N/N,Mem=3196MHz,Free=3709MB,PLS=0,Temp=40.0C/0.0C,TW=1.80ms,App=5.95ms,GD=0.00ms,CPU&GPU=7.55ms,LCnt=2(DR0,LM0),GPU%=0.56,CPU%=0.44(W0.64),CFL=13.85/17.84,ICFLp95=17.06,LD=0,SF=1.20,LP=0,DVFS=0,Preempt=222,PoseAgeP95=0.00
06-14 15:50:36.952  9204  9266 I godot   : Running Start From Default Files
06-14 15:50:37.001  9204  9335 I VrApi   : FPS=72/72,Prd=26ms,Tear=0,Early=0,Stale=0,Stale2/5/10/max=0/0/0/0,VSnc=1,Lat=-4,Fov=0,CPU4/GPU=4/4,1651/421MHz,OC=3F,TA=0/38/0,SP=N/N/N,Mem=3196MHz,Free=3709MB,PLS=0,Temp=40.0C/0.0C,TW=2.33ms,App=4.31ms,GD=0.00ms,CPU&GPU=5.44ms,LCnt=3(DR0,LM0),GPU%=0.54,CPU%=0.43(W0.94),CFL=14.14/17.93,ICFLp95=16.64,LD=0,SF=1.20,LP=0,DVFS=0,Preempt=166,PoseAgeP95=0.00
06-14 15:50:37.159  9204  9358 D ProfileInstaller: Installing profile for com.example.yuuonline
06-14 15:50:38.001  9204  9335 I VrApi   : FPS=72/72,Prd=26ms,Tear=0,Early=0,Stale=0,Stale2/5/10/max=0/0/0/0,VSnc=1,Lat=-4,Fov=0,CPU4/GPU=4/4,1651/421MHz,OC=3F,TA=0/38/0,SP=N/N/N,Mem=3196MHz,Free=3709MB,PLS=0,Temp=40.0C/0.0C,TW=2.33ms,App=4.31ms,GD=0.00ms,CPU&GPU=5.44ms,LCnt=3(DR0,LM0),GPU%=0.54,CPU%=0.43(W0.94),CFL=14.14/17.93,ICFLp95=16.64,LD=0,SF=1.20,LP=0,DVFS=0,Preempt=166,PoseAgeP95=0.00
06-14 15:50:39.001  9204  9335 I VrApi   : FPS=29/72,Prd=25ms,Tear=0,Early=0,Stale=72,Stale2/5/10/max=0/0/0/0,VSnc=1,Lat=-4,Fov=0,CPU4/GPU=3/3,1651/545MHz,OC=3F,TA=0/38/0,SP=N/N/N,Mem=1555MHz,Free=3709MB,PLS=0,Temp=40.0C/0.0C,TW=2.41ms,App=1.30ms,GD=0.00ms,CPU&GPU=5.48ms,LCnt=3(DR0,LM0),GPU%=0.33,CPU%=0.37(W0.45),CFL=12.80/16.67,ICFLp95=15.98,LD=0,SF=1.20,LP=0,DVFS=0,Preempt=144,PoseAgeP95=0.00
06-14 15:50:40.001  9204  9335 I VrApi   : FPS=74/72,Prd=30ms,Tear=0,Early=20,Stale=34,Stale2/5/10/max=0/0/1/110,VSnc=1,Lat=-4,Fov=0,CPU4/GPU=2/3,1651/545MHz,OC=3F,TA=0/38/0,SP=N/N/N,Mem=1555MHz,Free=3709MB,PLS=0,Temp=40.0C/0.0C,TW=2.26ms,App=5.30ms,GD=0.00ms,CPU&GPU=7.54ms,LCnt=3(DR39,LM3),GPU%=0.48,CPU%=0.18(W0.27),CFL=12.89/16.99,ICFLp95=15.92,LD=0,SF=1.20,LP=0,DVFS=0,Preempt=154,PoseAgeP95=0.00
06-14 15:50:41.001  9204  9335 I VrApi   : FPS=73/72,Prd=26ms,Tear=0,Early=0,Stale=0,Stale2/5/10/max=0/0/0/0,VSnc=1,Lat=-4,Fov=0,CPU4/GPU=2/2,1651/545MHz,OC=3F,TA=0/38/0,SP=N/N/N,Mem=1555MHz,Free=3709MB,PLS=0,Temp=40.0C/0.0C,TW=2.28ms,App=5.72ms,GD=0.00ms,CPU&GPU=8.08ms,LCnt=3(DR72,LM3),GPU%=0.54,CPU%=0.13(W0.17),CFL=13.32/17.27,ICFLp95=15.72,LD=0,SF=1.20,LP=0,DVFS=0,Preempt=144,PoseAgeP95=0.00
06-14 15:50:42.001  9204  9335 I VrApi   : FPS=72/72,Prd=26ms,Tear=0,Early=0,Stale=0,Stale2/5/10/max=0/0/0/0,VSnc=1,Lat=-4,Fov=0,CPU4/GPU=2/2,1651/545MHz,OC=3F,TA=0/38/0,SP=N/N/N,Mem=1555MHz,Free=3709MB,PLS=0,Temp=40.0C/0.0C,TW=2.28ms,App=5.63ms,GD=0.00ms,CPU&GPU=8.37ms,LCnt=3(DR72,LM3),GPU%=0.57,CPU%=0.14(W0.16),CFL=12.52/16.58,ICFLp95=15.84,LD=0,SF=1.20,LP=0,DVFS=0,Preempt=144,PoseAgeP95=0.00
06-14 15:50:42.061  9204  9266 I AppLoadTimeTelemetryCommon: App load time recorded [packageName=com.example.yuuonline, time=11.315384, method="BeginFrame (500)", launchType="Launch", launchId="4a5a30fe-8093-4c17-a341-2fa5e5be1dec"]
06-14 15:50:43.001  9204  9335 I VrApi   : FPS=73/72,Prd=26ms,Tear=0,Early=0,Stale=0,Stale2/5/10/max=0/0/0/0,VSnc=1,Lat=-4,Fov=0,CPU4/GPU=2/2,1651/545MHz,OC=3F,TA=0/38/0,SP=N/N/N,Mem=1555MHz,Free=3709MB,PLS=0,Temp=40.0C/0.0C,TW=2.28ms,App=5.60ms,GD=0.00ms,CPU&GPU=7.75ms,LCnt=3(DR73,LM3),GPU%=0.58,CPU%=0.12(W0.15),CFL=12.92/15.87,ICFLp95=15.25,LD=0,SF=1.20,LP=0,DVFS=0,Preempt=150,PoseAgeP95=0.00
06-14 15:50:44.001  9204  9335 I VrApi   : FPS=72/72,Prd=26ms,Tear=0,Early=0,Stale=0,Stale2/5/10/max=0/0/0/0,VSnc=1,Lat=-4,Fov=0,CPU4/GPU=2/2,1651/545MHz,OC=3F,TA=0/38/0,SP=N/N/N,Mem=1555MHz,Free=3709MB,PLS=0,Temp=40.0C/0.0C,TW=2.27ms,App=5.60ms,GD=0.00ms,CPU&GPU=7.83ms,LCnt=3(DR73,LM3),GPU%=0.58,CPU%=0.12(W0.16),CFL=12.48/16.30,ICFLp95=15.79,LD=0,SF=1.20,LP=0,DVFS=0,Preempt=152,PoseAgeP95=0.00
06-14 15:50:45.001  9204  9335 I VrApi   : FPS=73/72,Prd=26ms,Tear=0,Early=0,Stale=0,Stale2/5/10/max=0/0/0/0,VSnc=1,Lat=-4,Fov=0,CPU4/GPU=2/2,1651/545MHz,OC=3F,TA=0/38/0,SP=N/N/N,Mem=1555MHz,Free=3709MB,PLS=0,Temp=42.0C/0.0C,TW=2.29ms,App=5.61ms,GD=0.00ms,CPU&GPU=7.81ms,LCnt=3(DR73,LM3),GPU%=0.59,CPU%=0.11(W0.15),CFL=12.54/16.48,ICFLp95=14.98,LD=0,SF=1.20,LP=0,DVFS=0,Preempt=150,PoseAgeP95=0.00
06-14 15:50:46.001  9204  9335 I VrApi   : FPS=73/72,Prd=26ms,Tear=0,Early=0,Stale=0,Stale2/5/10/max=0/0/0/0,VSnc=1,Lat=-4,Fov=0,CPU4/GPU=2/2,1651/545MHz,OC=3F,TA=0/38/0,SP=N/N/N,Mem=1555MHz,Free=3709MB,PLS=0,Temp=42.0C/0.0C,TW=2.29ms,App=5.67ms,GD=0.00ms,CPU&GPU=7.86ms,LCnt=3(DR73,LM3),GPU%=0.59,CPU%=0.11(W0.18),CFL=12.98/15.94,ICFLp95=15.30,LD=0,SF=1.20,LP=0,DVFS=0,Preempt=154,PoseAgeP95=0.00
06-14 15:50:47.001  9204  9335 I VrApi   : FPS=73/72,Prd=26ms,Tear=0,Early=0,Stale=0,Stale2/5/10/max=0/0/0/0,VSnc=1,Lat=-4,Fov=0,CPU4/GPU=2/2,1651/545MHz,OC=3F,TA=0/38/0,SP=N/N/N,Mem=1555MHz,Free=3709MB,PLS=0,Temp=42.0C/0.0C,TW=2.28ms,App=5.65ms,GD=0.00ms,CPU&GPU=7.99ms,LCnt=3(DR72,LM3),GPU%=0.59,CPU%=0.13(W0.15),CFL=12.44/16.34,ICFLp95=15.92,LD=0,SF=1.20,LP=0,DVFS=0,Preempt=152,PoseAgeP95=0.00
06-14 15:50:48.001  9204  9335 I VrApi   : FPS=72/72,Prd=26ms,Tear=0,Early=0,Stale=0,Stale2/5/10/max=0/0/0/0,VSnc=1,Lat=-4,Fov=0,CPU4/GPU=2/2,1382/456MHz,OC=3F,TA=0/38/0,SP=N/N/N,Mem=1555MHz,Free=3709MB,PLS=0,Temp=42.0C/0.0C,TW=2.28ms,App=5.66ms,GD=0.00ms,CPU&GPU=7.84ms,LCnt=3(DR72,LM3),GPU%=0.59,CPU%=0.10(W0.13),CFL=12.60/16.53,ICFLp95=15.06,LD=0,SF=1.20,LP=0,DVFS=0,Preempt=146,PoseAgeP95=0.00
06-14 15:50:49.002  9204  9335 I VrApi   : FPS=72/72,Prd=26ms,Tear=0,Early=0,Stale=0,Stale2/5/10/max=0/0/0/0,VSnc=1,Lat=-4,Fov=0,CPU4/GPU=2/2,1382/456MHz,OC=3F,TA=0/38/0,SP=N/N/N,Mem=1555MHz,Free=3709MB,PLS=0,Temp=42.0C/0.0C,TW=2.29ms,App=5.61ms,GD=0.00ms,CPU&GPU=8.52ms,LCnt=3(DR73,LM3),GPU%=0.59,CPU%=0.10(W0.14),CFL=13.04/16.00,ICFLp95=15.36,LD=0,SF=1.20,LP=0,DVFS=0,Preempt=158,PoseAgeP95=0.00
06-14 15:50:49.005  9204  9266 I AppLoadTimeTelemetryCommon: App load time recorded [packageName=com.example.yuuonline, time=18.259540, method="BeginFrame (1000)", launchType="Launch", launchId="4a5a30fe-8093-4c17-a341-2fa5e5be1dec"]
06-14 15:50:50.002  9204  9335 I VrApi   : FPS=73/72,Prd=26ms,Tear=0,Early=0,Stale=0,Stale2/5/10/max=0/0/0/0,VSnc=1,Lat=-4,Fov=0,CPU4/GPU=2/2,1382/456MHz,OC=3F,TA=0/38/0,SP=N/N/N,Mem=1555MHz,Free=3709MB,PLS=0,Temp=42.0C/0.0C,TW=2.28ms,App=5.64ms,GD=0.00ms,CPU&GPU=7.88ms,LCnt=3(DR72,LM3),GPU%=0.59,CPU%=0.11(W0.15),CFL=12.35/16.39,ICFLp95=15.88,LD=0,SF=1.20,LP=0,DVFS=0,Preempt=144,PoseAgeP95=0.00
06-14 15:50:51.002  9204  9335 I VrApi   : FPS=73/72,Prd=26ms,Tear=0,Early=0,Stale=0,Stale2/5/10/max=0/0/0/0,VSnc=1,Lat=-4,Fov=0,CPU4/GPU=2/2,1382/456MHz,OC=3F,TA=0/38/0,SP=N/N/N,Mem=1555MHz,Free=3709MB,PLS=0,Temp=42.0C/0.0C,TW=2.28ms,App=5.67ms,GD=0.00ms,CPU&GPU=7.98ms,LCnt=3(DR72,LM3),GPU%=0.59,CPU%=0.11(W0.12),CFL=12.65/15.61,ICFLp95=14.98,LD=0,SF=1.20,LP=0,DVFS=0,Preempt=148,PoseAgeP95=0.00
06-14 15:50:52.002  9204  9335 I VrApi   : FPS=72/72,Prd=26ms,Tear=0,Early=0,Stale=0,Stale2/5/10/max=0/0/0/0,VSnc=1,Lat=-4,Fov=0,CPU4/GPU=2/2,1382/456MHz,OC=3F,TA=0/38/0,SP=N/N/N,Mem=1555MHz,Free=3709MB,PLS=0,Temp=42.0C/0.0C,TW=2.28ms,App=5.61ms,GD=0.00ms,CPU&GPU=7.77ms,LCnt=3(DR73,LM3),GPU%=0.59,CPU%=0.11(W0.15),CFL=13.09/16.05,ICFLp95=15.41,LD=0,SF=1.20,LP=0,DVFS=0,Preempt=160,PoseAgeP95=0.00
06-14 15:50:53.002  9204  9335 I VrApi   : FPS=73/72,Prd=26ms,Tear=0,Early=0,Stale=0,Stale2/5/10/max=0/0/0/0,VSnc=1,Lat=-4,Fov=0,CPU4/GPU=2/2,1382/456MHz,OC=3F,TA=0/38/0,SP=N/N/N,Mem=1555MHz,Free=3709MB,PLS=0,Temp=42.0C/0.0C,TW=2.23ms,App=5.68ms,GD=0.00ms,CPU&GPU=7.71ms,LCnt=3(DR73,LM3),GPU%=0.58,CPU%=0.11(W0.14),CFL=12.36/16.49,ICFLp95=15.75,LD=0,SF=1.20,LP=0,DVFS=0,Preempt=160,PoseAgeP95=0.00
06-14 15:50:54.024  9204  9335 V ClientSharedTelemetryStats: App memory usage: PSS=366 MiB, PrivateDirty=273 MiB, PrivateClean=63 MiB, GPU=127.4/127.4 MiB (100% allocated)
06-14 15:50:54.024  9204  9335 I VrApi   : FPS=73/72,Prd=26ms,Tear=0,Early=0,Stale=0,Stale2/5/10/max=0/0/0/0,VSnc=1,Lat=-4,Fov=0,CPU4/GPU=2/2,1382/456MHz,OC=3F,TA=0/38/0,SP=N/N/N,Mem=1555MHz,Free=3874MB,PLS=0,Temp=42.0C/0.0C,TW=2.28ms,App=5.66ms,GD=0.00ms,CPU&GPU=8.35ms,LCnt=3(DR72,LM3),GPU%=0.59,CPU%=0.11(W0.12),CFL=12.72/16.63,ICFLp95=15.11,LD=0,SF=1.20,LP=0,DVFS=0,Preempt=146,PoseAgeP95=0.00
06-14 15:50:55.002  9204  9335 I VrApi   : FPS=72/72,Prd=26ms,Tear=0,Early=0,Stale=0,Stale2/5/10/max=0/0/0/0,VSnc=1,Lat=-4,Fov=0,CPU4/GPU=2/2,1382/456MHz,OC=3F,TA=0/38/0,SP=N/N/N,Mem=1555MHz,Free=3874MB,PLS=0,Temp=42.0C/0.0C,TW=2.36ms,App=5.68ms,GD=0.00ms,CPU&GPU=8.08ms,LCnt=3(DR72,LM3),GPU%=0.59,CPU%=0.13(W0.16),CFL=13.15/16.11,ICFLp95=15.47,LD=0,SF=1.20,LP=0,DVFS=0,Preempt=152,PoseAgeP95=0.00
06-14 15:50:56.002  9204  9335 I VrApi   : FPS=72/72,Prd=26ms,Tear=0,Early=0,Stale=0,Stale2/5/10/max=0/0/0/0,VSnc=1,Lat=-4,Fov=0,CPU4/GPU=2/2,1382/456MHz,OC=3F,TA=0/38/0,SP=N/N/N,Mem=1555MHz,Free=3874MB,PLS=0,Temp=42.0C/0.0C,TW=2.23ms,App=5.51ms,GD=0.00ms,CPU&GPU=8.26ms,LCnt=3(DR73,LM3),GPU%=0.59,CPU%=0.13(W0.23),CFL=12.34/16.42,ICFLp95=15.61,LD=0,SF=1.20,LP=0,DVFS=0,Preempt=192,PoseAgeP95=0.00
06-14 15:50:57.002  9204  9335 I VrApi   : FPS=73/72,Prd=26ms,Tear=0,Early=0,Stale=0,Stale2/5/10/max=0/0/0/0,VSnc=1,Lat=-4,Fov=0,CPU4/GPU=2/2,1382/456MHz,OC=3F,TA=0/38/0,SP=N/N/N,Mem=1555MHz,Free=3874MB,PLS=0,Temp=42.0C/0.0C,TW=2.28ms,App=5.63ms,GD=0.00ms,CPU&GPU=7.92ms,LCnt=3(DR72,LM3),GPU%=0.59,CPU%=0.11(W0.12),CFL=12.77/16.67,ICFLp95=15.28,LD=0,SF=1.20,LP=0,DVFS=0,Preempt=186,PoseAgeP95=0.00
06-14 15:50:58.002  9204  9335 I VrApi   : FPS=72/72,Prd=26ms,Tear=0,Early=0,Stale=0,Stale2/5/10/max=0/0/0/0,VSnc=1,Lat=-4,Fov=0,CPU4/GPU=2/2,1382/456MHz,OC=3F,TA=0/38/0,SP=N/N/N,Mem=1555MHz,Free=3874MB,PLS=0,Temp=42.0C/0.0C,TW=2.28ms,App=5.60ms,GD=0.00ms,CPU&GPU=7.75ms,LCnt=3(DR72,LM3),GPU%=0.59,CPU%=0.10(W0.15),CFL=13.21/16.17,ICFLp95=15.53,LD=0,SF=1.20,LP=0,DVFS=0,Preempt=160,PoseAgeP95=0.00
06-14 15:50:59.002  9204  9335 I VrApi   : FPS=73/72,Prd=26ms,Tear=0,Early=0,Stale=0,Stale2/5/10/max=0/0/0/0,VSnc=1,Lat=-4,Fov=0,CPU4/GPU=2/2,1382/456MHz,OC=3F,TA=0/38/0,SP=N/N/N,Mem=1555MHz,Free=3874MB,PLS=0,Temp=42.0C/0.0C,TW=2.29ms,App=5.67ms,GD=0.00ms,CPU&GPU=8.00ms,LCnt=3(DR72,LM3),GPU%=0.59,CPU%=0.10(W0.10),CFL=12.42/16.59,ICFLp95=15.40,LD=0,SF=1.20,LP=0,DVFS=0,Preempt=152,PoseAgeP95=0.00
06-14 15:51:00.002  9204  9335 I VrApi   : FPS=73/72,Prd=26ms,Tear=0,Early=0,Stale=0,Stale2/5/10/max=0/0/0/0,VSnc=1,Lat=-4,Fov=0,CPU4/GPU=2/2,1382/456MHz,OC=3F,TA=0/38/0,SP=N/N/N,Mem=1555MHz,Free=3874MB,PLS=0,Temp=42.0C/0.0C,TW=2.28ms,App=5.64ms,GD=0.00ms,CPU&GPU=8.10ms,LCnt=3(DR73,LM3),GPU%=0.59,CPU%=0.11(W0.13),CFL=12.83/16.73,ICFLp95=15.24,LD=0,SF=1.20,LP=0,DVFS=0,Preempt=200,PoseAgeP95=0.00
06-14 15:51:00.006  9204  9335 I [CT]    : Telemetry: EventsLimiter: New event limiter created for event: 'xrruntime_mobile_perf_events' with limits of 300 events every 60 second(s).
06-14 15:51:01.002  9204  9335 I VrApi   : FPS=73/72,Prd=26ms,Tear=0,Early=0,Stale=0,Stale2/5/10/max=0/0/0/0,VSnc=1,Lat=-4,Fov=0,CPU4/GPU=2/2,1382/456MHz,OC=3F,TA=0/38/0,SP=N/N/N,Mem=1555MHz,Free=3874MB,PLS=0,Temp=42.0C/0.0C,TW=2.28ms,App=5.66ms,GD=0.00ms,CPU&GPU=8.53ms,LCnt=3(DR72,LM3),GPU%=0.59,CPU%=0.11(W0.14),CFL=13.27/16.22,ICFLp95=15.62,LD=0,SF=1.20,LP=0,DVFS=0,Preempt=164,PoseAgeP95=0.00
06-14 15:51:01.003  9204  9335 I [CT]    : Telemetry: EventsLimiter: New event limiter created for event: 'oculus_mobile_hmd_stats' with limits of 300 events every 60 second(s).
06-14 15:51:01.003  9204  9335 I [CT]    : Telemetry: EventsLimiter: New event limiter created for event: 'controller_input_press_periodic' with limits of 300 events every 60 second(s).
06-14 15:51:02.003  9204  9335 I VrApi   : FPS=73/72,Prd=26ms,Tear=0,Early=0,Stale=0,Stale2/5/10/max=0/0/0/0,VSnc=1,Lat=-4,Fov=0,CPU4/GPU=2/2,1382/456MHz,OC=3F,TA=0/38/0,SP=N/N/N,Mem=1555MHz,Free=3874MB,PLS=0,Temp=42.0C/0.0C,TW=2.28ms,App=5.66ms,GD=0.00ms,CPU&GPU=8.13ms,LCnt=3(DR72,LM3),GPU%=0.59,CPU%=0.11(W0.17),CFL=12.55/16.44,ICFLp95=15.54,LD=0,SF=1.20,LP=0,DVFS=0,Preempt=152,PoseAgeP95=0.00
06-14 15:51:02.089  9204  9266 I TREX    : Interface 'SpatialPersistence', version 35 was not found. Check debug build for more information.
06-14 15:51:02.894  9204  9266 I AppLoadTimeTelemetryCommon: App load time recorded [packageName=com.example.yuuonline, time=32.148840, method="BeginFrame (2000)", launchType="Launch", launchId="4a5a30fe-8093-4c17-a341-2fa5e5be1dec"]
06-14 15:51:03.003  9204  9335 I VrApi   : FPS=72/72,Prd=26ms,Tear=0,Early=0,Stale=0,Stale2/5/10/max=0/0/0/0,VSnc=1,Lat=-4,Fov=0,CPU4/GPU=2/2,1382/456MHz,OC=3F,TA=0/38/0,SP=N/N/N,Mem=1555MHz,Free=3874MB,PLS=0,Temp=42.0C/0.0C,TW=2.28ms,App=5.52ms,GD=0.00ms,CPU&GPU=7.95ms,LCnt=3(DR72,LM3),GPU%=0.58,CPU%=0.11(W0.13),CFL=12.88/16.75,ICFLp95=15.26,LD=0,SF=1.20,LP=0,DVFS=0,Preempt=155,PoseAgeP95=0.00
06-14 15:51:04.003  9204  9335 I VrApi   : FPS=72/72,Prd=26ms,Tear=0,Early=0,Stale=0,Stale2/5/10/max=0/0/0/0,VSnc=1,Lat=-4,Fov=0,CPU4/GPU=2/2,1382/456MHz,OC=3F,TA=0/38/0,SP=N/N/N,Mem=1555MHz,Free=3874MB,PLS=0,Temp=42.0C/0.0C,TW=2.27ms,App=5.54ms,GD=0.00ms,CPU&GPU=7.87ms,LCnt=3(DR72,LM3),GPU%=0.58,CPU%=0.11(W0.15),CFL=12.44/16.27,ICFLp95=15.63,LD=0,SF=1.20,LP=0,DVFS=0,Preempt=149,PoseAgeP95=0.00
06-14 15:51:05.003  9204  9335 I VrApi   : FPS=72/72,Prd=26ms,Tear=0,Early=0,Stale=0,Stale2/5/10/max=0/0/0/0,VSnc=1,Lat=-4,Fov=0,CPU4/GPU=2/2,1382/456MHz,OC=3F,TA=0/38/0,SP=N/N/N,Mem=1555MHz,Free=3874MB,PLS=0,Temp=41.0C/0.0C,TW=2.26ms,App=5.51ms,GD=0.00ms,CPU&GPU=8.04ms,LCnt=3(DR73,LM3),GPU%=0.58,CPU%=0.19(W0.21),CFL=12.49/16.60,ICFLp95=15.22,LD=0,SF=1.20,LP=0,DVFS=0,Preempt=148,PoseAgeP95=0.00
06-14 15:51:06.003  9204  9335 I VrApi   : FPS=73/72,Prd=26ms,Tear=0,Early=0,Stale=0,Stale2/5/10/max=0/0/0/0,VSnc=1,Lat=-4,Fov=0,CPU4/GPU=2/2,1382/456MHz,OC=3F,TA=0/38/0,SP=N/N/N,Mem=1555MHz,Free=3874MB,PLS=0,Temp=41.0C/0.0C,TW=2.19ms,App=5.54ms,GD=0.00ms,CPU&GPU=7.58ms,LCnt=3(DR72,LM3),GPU%=0.58,CPU%=0.17(W0.21),CFL=12.93/27.01,ICFLp95=16.83,LD=0,SF=1.20,LP=0,DVFS=0,Preempt=166,PoseAgeP95=0.00
06-14 15:51:07.003  9204  9335 I VrApi   : FPS=73/72,Prd=26ms,Tear=0,Early=0,Stale=0,Stale2/5/10/max=0/0/0/0,VSnc=1,Lat=-4,Fov=0,CPU4/GPU=2/2,1382/456MHz,OC=3F,TA=0/38/0,SP=N/N/N,Mem=1555MHz,Free=3874MB,PLS=0,Temp=41.0C/0.0C,TW=2.19ms,App=5.60ms,GD=0.00ms,CPU&GPU=7.58ms,LCnt=3(DR73,LM3),GPU%=0.58,CPU%=0.13(W0.14),CFL=12.22/16.22,ICFLp95=15.75,LD=0,SF=1.20,LP=0,DVFS=0,Preempt=182,PoseAgeP95=0.00
06-14 15:51:08.003  9204  9335 I VrApi   : FPS=73/72,Prd=26ms,Tear=0,Early=0,Stale=0,Stale2/5/10/max=0/0/0/0,VSnc=1,Lat=-4,Fov=0,CPU4/GPU=2/2,1382/456MHz,OC=3F,TA=0/38/0,SP=N/N/N,Mem=1555MHz,Free=3874MB,PLS=0,Temp=41.0C/0.0C,TW=2.29ms,App=5.59ms,GD=0.00ms,CPU&GPU=7.54ms,LCnt=3(DR72,LM3),GPU%=0.58,CPU%=0.13(W0.17),CFL=12.56/16.42,ICFLp95=15.01,LD=0,SF=1.20,LP=0,DVFS=0,Preempt=150,PoseAgeP95=0.00
06-14 15:51:09.003  9204  9335 I VrApi   : FPS=72/72,Prd=26ms,Tear=0,Early=0,Stale=0,Stale2/5/10/max=0/0/0/0,VSnc=1,Lat=-4,Fov=0,CPU4/GPU=2/2,1382/456MHz,OC=3F,TA=0/38/0,SP=N/N/N,Mem=1555MHz,Free=3874MB,PLS=0,Temp=41.0C/0.0C,TW=2.28ms,App=5.54ms,GD=0.00ms,CPU&GPU=7.84ms,LCnt=3(DR73,LM3),GPU%=0.58,CPU%=0.12(W0.13),CFL=12.98/15.93,ICFLp95=15.30,LD=0,SF=1.20,LP=0,DVFS=0,Preempt=156,PoseAgeP95=0.00
06-14 15:51:10.003  9204  9335 I VrApi   : FPS=73/72,Prd=26ms,Tear=0,Early=0,Stale=0,Stale2/5/10/max=0/0/0/0,VSnc=1,Lat=-4,Fov=0,CPU4/GPU=2/2,1382/456MHz,OC=3F,TA=0/38/0,SP=N/N/N,Mem=1555MHz,Free=3874MB,PLS=0,Temp=41.0C/0.0C,TW=2.28ms,App=5.59ms,GD=0.00ms,CPU&GPU=7.87ms,LCnt=3(DR72,LM3),GPU%=0.58,CPU%=0.13(W0.13),CFL=12.45/16.33,ICFLp95=15.79,LD=0,SF=1.20,LP=0,DVFS=0,Preempt=144,PoseAgeP95=0.00
06-14 15:51:11.003  9204  9335 I VrApi   : FPS=72/72,Prd=26ms,Tear=0,Early=0,Stale=0,Stale2/5/10/max=0/0/0/0,VSnc=1,Lat=-4,Fov=0,CPU4/GPU=2/2,1382/456MHz,OC=3F,TA=0/38/0,SP=N/N/N,Mem=1555MHz,Free=3874MB,PLS=0,Temp=41.0C/0.0C,TW=2.28ms,App=5.52ms,GD=0.00ms,CPU&GPU=7.97ms,LCnt=3(DR73,LM3),GPU%=0.58,CPU%=0.12(W0.19),CFL=12.56/16.43,ICFLp95=15.02,LD=0,SF=1.20,LP=0,DVFS=0,Preempt=152,PoseAgeP95=0.00
06-14 15:51:12.003  9204  9335 I VrApi   : FPS=72/72,Prd=26ms,Tear=0,Early=0,Stale=0,Stale2/5/10/max=0/0/0/0,VSnc=1,Lat=-4,Fov=0,CPU4/GPU=2/2,1382/456MHz,OC=3F,TA=0/38/0,SP=N/N/N,Mem=1555MHz,Free=3874MB,PLS=0,Temp=41.0C/0.0C,TW=2.28ms,App=5.57ms,GD=0.00ms,CPU&GPU=8.17ms,LCnt=3(DR73,LM3),GPU%=0.58,CPU%=0.16(W0.17),CFL=12.99/28.41,ICFLp95=17.21,LD=0,SF=1.20,LP=0,DVFS=0,Preempt=164,PoseAgeP95=0.00
06-14 15:51:13.003  9204  9335 I VrApi   : FPS=73/72,Prd=26ms,Tear=0,Early=0,Stale=0,Stale2/5/10/max=0/0/0/0,VSnc=1,Lat=-4,Fov=0,CPU4/GPU=2/2,1382/456MHz,OC=3F,TA=0/38/0,SP=N/N/N,Mem=1555MHz,Free=3874MB,PLS=0,Temp=41.0C/0.0C,TW=2.19ms,App=5.62ms,GD=0.00ms,CPU&GPU=8.09ms,LCnt=3(DR72,LM3),GPU%=0.58,CPU%=0.17(W0.20),CFL=12.46/16.33,ICFLp95=15.69,LD=0,SF=1.20,LP=0,DVFS=0,Preempt=170,PoseAgeP95=0.00
06-14 15:51:14.025  9204  9335 V ClientSharedTelemetryStats: App memory usage: PSS=365 MiB, PrivateDirty=272 MiB, PrivateClean=63 MiB, GPU=127.4/127.4 MiB (100% allocated)
06-14 15:51:14.025  9204  9335 I VrApi   : FPS=72/72,Prd=26ms,Tear=0,Early=0,Stale=0,Stale2/5/10/max=0/0/0/0,VSnc=1,Lat=-4,Fov=0,CPU4/GPU=2/2,1382/456MHz,OC=3F,TA=0/38/0,SP=N/N/N,Mem=1555MHz,Free=3996MB,PLS=0,Temp=41.0C/0.0C,TW=2.29ms,App=5.56ms,GD=0.00ms,CPU&GPU=8.21ms,LCnt=3(DR72,LM3),GPU%=0.58,CPU%=0.12(W0.15),CFL=12.60/17.71,ICFLp95=15.42,LD=0,SF=1.20,LP=0,DVFS=0,Preempt=180,PoseAgeP95=0.00
06-14 15:51:15.003  9204  9335 I VrApi   : FPS=73/72,Prd=26ms,Tear=0,Early=0,Stale=0,Stale2/5/10/max=0/0/0/0,VSnc=1,Lat=-4,Fov=0,CPU4/GPU=2/2,1382/456MHz,OC=3F,TA=0/38/0,SP=N/N/N,Mem=1555MHz,Free=3996MB,PLS=0,Temp=41.0C/0.0C,TW=2.19ms,App=5.53ms,GD=0.00ms,CPU&GPU=7.93ms,LCnt=3(DR73,LM3),GPU%=0.58,CPU%=0.13(W0.15),CFL=13.04/16.06,ICFLp95=15.38,LD=0,SF=1.20,LP=0,DVFS=0,Preempt=160,PoseAgeP95=0.00
06-14 15:51:16.004  9204  9335 I VrApi   : FPS=72/72,Prd=26ms,Tear=0,Early=0,Stale=0,Stale2/5/10/max=0/0/0/0,VSnc=1,Lat=-4,Fov=0,CPU4/GPU=2/2,1382/456MHz,OC=3F,TA=0/38/0,SP=N/N/N,Mem=1555MHz,Free=3996MB,PLS=0,Temp=41.0C/0.0C,TW=2.22ms,App=5.53ms,GD=0.00ms,CPU&GPU=8.11ms,LCnt=3(DR72,LM3),GPU%=0.58,CPU%=0.11(W0.13),CFL=12.49/16.44,ICFLp95=15.79,LD=0,SF=1.20,LP=0,DVFS=0,Preempt=146,PoseAgeP95=0.00
06-14 15:51:17.004  9204  9335 I VrApi   : FPS=73/72,Prd=26ms,Tear=0,Early=0,Stale=0,Stale2/5/10/max=0/0/0/0,VSnc=1,Lat=-4,Fov=0,CPU4/GPU=2/2,1382/456MHz,OC=3F,TA=0/38/0,SP=N/N/N,Mem=1555MHz,Free=3996MB,PLS=0,Temp=41.0C/0.0C,TW=2.23ms,App=5.54ms,GD=0.00ms,CPU&GPU=7.67ms,LCnt=3(DR73,LM3),GPU%=0.58,CPU%=0.12(W0.14),CFL=12.72/16.87,ICFLp95=15.24,LD=0,SF=1.20,LP=0,DVFS=0,Preempt=174,PoseAgeP95=0.00
06-14 15:51:18.004  9204  9335 I VrApi   : FPS=73/72,Prd=26ms,Tear=0,Early=0,Stale=0,Stale2/5/10/max=0/0/0/0,VSnc=1,Lat=-4,Fov=0,CPU4/GPU=2/2,1382/456MHz,OC=3F,TA=0/38/0,SP=N/N/N,Mem=1555MHz,Free=3996MB,PLS=0,Temp=41.0C/0.0C,TW=2.28ms,App=5.58ms,GD=0.00ms,CPU&GPU=7.60ms,LCnt=3(DR72,LM3),GPU%=0.58,CPU%=0.12(W0.15),CFL=13.16/16.12,ICFLp95=15.51,LD=0,SF=1.20,LP=0,DVFS=0,Preempt=148,PoseAgeP95=0.00
06-14 15:51:19.004  9204  9335 I VrApi   : FPS=73/72,Prd=26ms,Tear=0,Early=0,Stale=0,Stale2/5/10/max=0/0/0/0,VSnc=1,Lat=-4,Fov=0,CPU4/GPU=2/2,1382/456MHz,OC=3F,TA=0/38/0,SP=N/N/N,Mem=1555MHz,Free=3996MB,PLS=0,Temp=41.0C/0.0C,TW=2.27ms,App=5.60ms,GD=0.00ms,CPU&GPU=7.93ms,LCnt=3(DR72,LM3),GPU%=0.58,CPU%=0.12(W0.15),CFL=12.46/16.49,ICFLp95=15.44,LD=0,SF=1.20,LP=0,DVFS=0,Preempt=158,PoseAgeP95=0.00
