--------- beginning of main
06-14 15:50:30.677  9204  9204 I ample.yuuonline: Late-enabling -Xcheck:jni
06-14 15:50:30.709  9204  9204 I ample.yuuonline: Using CollectorTypeCC GC.
06-14 15:50:30.760  9204  9204 D CompatibilityChangeReporter: Compat change id reported: 171979766; UID 10165; state: ENABLED
06-14 15:50:30.761  9204  9204 D CompatibilityChangeReporter: Compat change id reported: 242716250; UID 10165; state: ENABLED
06-14 15:50:30.777  9204  9204 W ziparchive: Unable to open '/data/app/~~jRzcITMZeWkcr5tktMOsGA==/com.example.yuuonline-f_mih3V-0D2i1ZQPXVdIBg==/base.dm': No such file or directory
06-14 15:50:30.777  9204  9204 W ziparchive: Unable to open '/data/app/~~jRzcITMZeWkcr5tktMOsGA==/com.example.yuuonline-f_mih3V-0D2i1ZQPXVdIBg==/base.dm': No such file or directory
06-14 15:50:30.843  9204  9204 D nativeloader: Configuring clns-6 for other apk /data/app/~~jRzcITMZeWkcr5tktMOsGA==/com.example.yuuonline-f_mih3V-0D2i1ZQPXVdIBg==/base.apk. target_sdk_version=34, uses_libraries=libhzos.meta.so:libhzos_trackingclient.meta.so:libhzos_trackedinput.meta.so, library_path=/data/app/~~jRzcITMZeWkcr5tktMOsGA==/com.example.yuuonline-f_mih3V-0D2i1ZQPXVdIBg==/lib/arm64:/data/app/~~jRzcITMZeWkcr5tktMOsGA==/com.example.yuuonline-f_mih3V-0D2i1ZQPXVdIBg==/base.apk!/lib/arm64-v8a:/apex/com.meta.xr/priv-app/VrDriver/VrDriver.apk!/lib/arm64-v8a, permitted_path=/data:/mnt/expand:/data/user/0/com.example.yuuonline
06-14 15:50:30.844  9204  9204 D nativeloader: Extending system_exposed_libraries: libhzos.meta.so:libhzos_trackingclient.meta.so:libhzos_trackedinput.meta.so
06-14 15:50:30.854  9204  9204 D CompatibilityChangeReporter: Compat change id reported: 183155436; UID 10165; state: ENABLED
06-14 15:50:30.860  9204  9204 V GraphicsEnvironment: Currently set values for:
06-14 15:50:30.860  9204  9204 V GraphicsEnvironment:   angle_gl_driver_selection_pkgs=[]
06-14 15:50:30.861  9204  9204 V GraphicsEnvironment:   angle_gl_driver_selection_values=[]
06-14 15:50:30.861  9204  9204 V GraphicsEnvironment: ANGLE GameManagerService for com.example.yuuonline: false
06-14 15:50:30.861  9204  9204 V GraphicsEnvironment: com.example.yuuonline is not listed in per-application setting
06-14 15:50:30.861  9204  9204 V GraphicsEnvironment: Neither updatable production driver nor prerelease driver is supported.
06-14 15:50:30.869  9204  9204 D CompatibilityChangeReporter: Compat change id reported: 175409949; UID 10165; state: DISABLED
06-14 15:50:30.869  9204  9204 D CompatibilityChangeReporter: Compat change id reported: 175409951; UID 10165; state: DISABLED
06-14 15:50:30.869  9204  9204 D CompatibilityChangeReporter: Compat change id reported: 175409956; UID 10165; state: DISABLED
06-14 15:50:30.872  9204  9204 D CompatibilityChangeReporter: Compat change id reported: 175409950; UID 10165; state: DISABLED
06-14 15:50:30.872  9204  9204 D CompatibilityChangeReporter: Compat change id reported: 175409952; UID 10165; state: DISABLED
06-14 15:50:30.956  9204  9204 D VrosSpatialAudio: Immersive activity detected, skip VrosSpatialAudio init
06-14 15:50:30.988  9204  9204 D GodotActivity: Project command line parameters: [--xr_mode_openxr, --fullscreen, --background_color, #000000]
06-14 15:50:30.989  9204  9204 D GodotActivity: Launch intent Intent { act=android.intent.action.MAIN cat=[android.intent.category.LAUNCHER] flg=0x10010100 pkg=com.example.yuuonline cmp=com.example.yuuonline/com.godot.game.GodotAppLauncher (has extras) } with parameters []
06-14 15:50:31.010  9204  9204 V GodotActivity: Creating new Godot fragment instance.
06-14 15:50:31.050  9204  9204 V Godot   : InitEngine with params: [--xr_mode_openxr, --fullscreen, --background_color, #000000]
06-14 15:50:31.050  9204  9204 V Godot   : Initializing Godot plugin registry
06-14 15:50:31.070  9204  9204 I GodotPluginRegistry: Registering runtime plugin AndroidRuntime
06-14 15:50:31.070  9204  9204 I GodotPluginRegistry: Initializing Godot plugin GodotOpenXR
06-14 15:50:31.070  9204  9204 V GodotOpenXR: Loading openxr_loader library
06-14 15:50:31.075  9204  9204 V GodotOpenXR: Loading godotopenxrvendors library
06-14 15:50:31.077  9204  9204 I GodotPluginRegistry: Completed initialization for Godot plugin GodotOpenXR
06-14 15:50:31.077  9204  9204 I GodotPluginRegistry: Initializing Godot plugin GodotOpenXRHybridAppInternal
06-14 15:50:31.078  9204  9204 I GodotPluginRegistry: Completed initialization for Godot plugin GodotOpenXRHybridAppInternal
06-14 15:50:31.097  9204  9204 V Godot   : Godot native layer initialization completed: true
06-14 15:50:31.153  9204  9204 E godot   : WARNING: Property not found: 'xr/openxr/extensions/hand_tracking'.
06-14 15:50:31.153  9204  9204 E godot   :    at: get_setting_with_override (core/config/project_settings.cpp:430)
06-14 15:50:31.155  9204  9204 V Godot   : Godot native layer setup completed
06-14 15:50:31.156  9204  9204 V Godot   : OnInitRenderView: GodotFragment{c6eb351} (d937e294-a207-4a2c-abe2-30681f73ca13 id=0x7f070033)
06-14 15:50:31.167  9204  9204 D CompatibilityChangeReporter: Compat change id reported: 210923482; UID 10165; state: ENABLED
06-14 15:50:31.185  9204  9204 D Godot   : Render view should be transparent: false
06-14 15:50:31.185  9204  9204 D Godot   : usesVulkan(): false
06-14 15:50:31.185  9204  9204 D Godot   : 			renderingDevice: opengl3 (ProjectSettings)
06-14 15:50:31.185  9204  9204 D Godot   : 			renderer: gl_compatibility (ProjectSettings)
06-14 15:50:31.219  9204  9204 V Godot   : OnStart: GodotFragment{c6eb351} (d937e294-a207-4a2c-abe2-30681f73ca13 id=0x7f070033)
06-14 15:50:31.225  9204  9204 V Godot   : OnResume: GodotFragment{c6eb351} (d937e294-a207-4a2c-abe2-30681f73ca13 id=0x7f070033)
06-14 15:50:31.233  9204  9204 I VrosSpatialAudio: init with android.view.ViewRootImpl$W@e04c513
06-14 15:50:31.235  9204  9204 D CompatibilityChangeReporter: Compat change id reported: 237531167; UID 10165; state: DISABLED
06-14 15:50:31.235  9204  9204 D CompatibilityChangeReporter: Compat change id reported: 175409955; UID 10165; state: DISABLED
06-14 15:50:31.236  9204  9204 D CompatibilityChangeReporter: Compat change id reported: 175409954; UID 10165; state: DISABLED
06-14 15:50:31.248  9204  9204 W OpenGLRenderer: Unknown dataspace 0
06-14 15:50:31.288  9204  9244 I AdrenoGLES-0: QUALCOMM build                   : 3dbacedba8, I13e643cb5c
06-14 15:50:31.288  9204  9244 I AdrenoGLES-0: Build Date                       : 01/12/26
06-14 15:50:31.288  9204  9244 I AdrenoGLES-0: OpenGL ES Shader Compiler Version: E031.50.14.00
06-14 15:50:31.288  9204  9244 I AdrenoGLES-0: Local Branch                     : 
06-14 15:50:31.288  9204  9244 I AdrenoGLES-0: Remote Branch                    : refs/tags/AU_LINUX_ANDROID_LA.VENDOR.12.3.11.00.00.934.442
06-14 15:50:31.288  9204  9244 I AdrenoGLES-0: Remote Branch                    : NONE
06-14 15:50:31.288  9204  9244 I AdrenoGLES-0: Reconstruct Branch               : NOTHING
06-14 15:50:31.288  9204  9244 I AdrenoGLES-0: Build Config                     : S P 12.1.6 AArch64
06-14 15:50:31.288  9204  9244 I AdrenoGLES-0: Driver Path                      : /vendor/lib64/egl/libGLESv2_adreno.so
06-14 15:50:31.288  9204  9244 I AdrenoGLES-0: Driver Version                   : 0837.0.7
06-14 15:50:31.288  9204  9244 I AdrenoGLES-0: Process Name                     : com.example.yuuonline
06-14 15:50:31.293  9204  9244 I AdrenoGLES-0: PFP: 0x01511181, ME: 0x00000000
06-14 15:50:31.297  9204  9244 W Adreno-AppProfiles: Could not find QSPM HAL service. Skipping adreno profile processing.
06-14 15:50:31.300  9204  9244 I AdrenoUtils: <ReadGpuID:1293>: Reading chip ID through GSL
06-14 15:50:31.306  9204  9266 I godot   : Godot Engine v4.6.stable.official.89cea1439 - https://godotengine.org
06-14 15:50:31.310  9204  9244 E OpenGLRenderer: Unable to match the desired swap behavior.
06-14 15:50:31.313  9204  9204 I OpenGLRenderer: setStopped(0)
06-14 15:50:31.313  9204  9204 I OpenGLRenderer: setStopped(0): complete
06-14 15:50:31.314  9204  9204 I OpenGLRenderer: setStopped(0)
06-14 15:50:31.314  9204  9204 I OpenGLRenderer: setStopped(0): complete
06-14 15:50:31.321  9204  9204 I OpenGLRenderer: setStopped(0)
06-14 15:50:31.323  9204  9204 I OpenGLRenderer: setStopped(0): complete
06-14 15:50:31.323  9204  9204 I OpenGLRenderer: setStopped(0)
06-14 15:50:31.323  9204  9204 I OpenGLRenderer: setStopped(0): complete
06-14 15:50:31.337  9204  9266 V OpenXR-Loader: Verbose [GENERAL | xrInitializeLoaderKHR | OpenXR-Loader] : Entering loader trampoline
06-14 15:50:31.337  9204  9266 V OpenXR-Loader: Verbose [GENERAL | InitializeLoaderInitData | OpenXR-Loader] : Unloading any previously loaded runtime
06-14 15:50:31.337  9204  9266 V OpenXR-Loader: Verbose [GENERAL | xrEnumerateApiLayerProperties | OpenXR-Loader] : Entering loader trampoline
06-14 15:50:31.338  9204  9266 V OpenXR-Loader: Verbose [GENERAL | xrEnumerateApiLayerProperties | OpenXR-Loader] : Entering loader trampoline
06-14 15:50:31.338  9204  9266 V OpenXR-Loader: Verbose [GENERAL | xrEnumerateInstanceExtensionProperties | OpenXR-Loader] : Entering loader trampoline
06-14 15:50:31.340  9204  9266 I OpenXR-Loader: getActiveRuntimeCursor: Querying URI: content://org.khronos.openxr.runtime_broker/openxr/1/abi/arm64-v8a/runtimes/active
06-14 15:50:31.344  9204  9266 W OpenXR-Loader: Null cursor when querying installable content resolver.
06-14 15:50:31.344  9204  9266 I OpenXR-Loader: getActiveRuntimeCursor: Querying URI: content://org.khronos.openxr.system_runtime_broker/openxr/1/abi/arm64-v8a/runtimes/active
06-14 15:50:31.353  9204  9266 W OpenXR-Loader: Null cursor when querying system content resolver.
06-14 15:50:31.353  9204  9266 E OpenXR-Loader: Could access neither the installable nor system runtime broker.
06-14 15:50:31.353  9204  9266 I OpenXR-Loader: Info [GENERAL | xrEnumerateInstanceExtensionProperties | OpenXR-Loader] : RuntimeManifestFile::FindManifestFiles - using global runtime file /odm/etc/openxr/1/active_runtime.aarch64.json
06-14 15:50:31.353  9204  9266 I OpenXR-Loader: Info [GENERAL |  | OpenXR-Loader] : RuntimeManifestFile::CreateIfValid - attempting to load /odm/etc/openxr/1/active_runtime.aarch64.json
06-14 15:50:31.355  9204  9266 I OpenXR-Loader: Info [GENERAL | xrEnumerateInstanceExtensionProperties | OpenXR-Loader] : RuntimeInterface::LoadRuntime forwarding xrInitializeLoaderKHR call to runtime before calling xrNegotiateLoaderRuntimeInterface.
06-14 15:50:31.355  9204  9266 V OpenXR  : OpenXRForwardLoader::xrInitializeLoaderKHR [start]
06-14 15:50:31.364  9204  9266 D ApplicationLoaders: Returning zygote-cached class loader: /system/framework/android.test.base.jar
06-14 15:50:31.364  9204  9266 D ApplicationLoaders: Returning zygote-cached class loader: /system/framework/android.hidl.manager-V1.0-java.jar
06-14 15:50:31.364  9204  9266 D ApplicationLoaders: Returning zygote-cached class loader: /system/framework/android.hidl.base-V1.0-java.jar
06-14 15:50:31.375  9204  9266 D nativeloader: Configuring clns-shared-7 for other apk /system/framework/org.apache.http.legacy.jar. target_sdk_version=24, uses_libraries=ALL, library_path=/apex/com.meta.xr/priv-app/VrDriver/lib/arm64:/apex/com.meta.xr/priv-app/VrDriver/VrDriver.apk!/lib/arm64-v8a:/system/lib64:/system_ext/lib64:/apex/com.meta.xr/priv-app/VrDriver/VrDriver.apk!/lib/arm64-v8a, permitted_path=/data:/mnt/expand::/apex/com.meta.xr/priv-app/VrDriver:/system/lib64:/system_ext/lib64
06-14 15:50:31.375  9204  9266 D nativeloader: Extending system_exposed_libraries: libhzos.meta.so:libhzos_featurejournal.meta.so:libhzos_gaze.meta.so:libhzos_orthofit.meta.so:libhzos_prescriptionlens.meta.so:libhzos_reportstatsevent.meta.so:libhzos_spaces.meta.so:libhzos_trackedinput.meta.so:libhzos_trackingclient.meta.so:libaudiotapper.oculus.so:libcalibrationmanager.oculus.so:libheadtracker.oculus.so:libinstsamp.oculus.so:libossdk.oculus.so:libparfait.oculus.so:libripcclient.oculus.so:libripcmanager.oculus.so:libappsensoraccess.oculus.so:libOVRMrcLib.oculus.so:libxrstreaminghost.oculus.so
06-14 15:50:31.384  9204  9266 D nativeloader: Configuring clns-shared-8 for other apk /apex/com.meta.xr/priv-app/VrDriver/VrDriver.apk. target_sdk_version=24, uses_libraries=, library_path=/apex/com.meta.xr/priv-app/VrDriver/lib/arm64:/apex/com.meta.xr/priv-app/VrDriver/VrDriver.apk!/lib/arm64-v8a:/system/lib64:/system_ext/lib64:/apex/com.meta.xr/priv-app/VrDriver/VrDriver.apk!/lib/arm64-v8a, permitted_path=/data:/mnt/expand::/apex/com.meta.xr/priv-app/VrDriver:/system/lib64:/system_ext/lib64
06-14 15:50:31.384  9204  9266 D nativeloader: Extending system_exposed_libraries: libhzos.meta.so:libhzos_featurejournal.meta.so:libhzos_gaze.meta.so:libhzos_orthofit.meta.so:libhzos_prescriptionlens.meta.so:libhzos_reportstatsevent.meta.so:libhzos_spaces.meta.so:libhzos_trackedinput.meta.so:libhzos_trackingclient.meta.so:libaudiotapper.oculus.so:libcalibrationmanager.oculus.so:libheadtracker.oculus.so:libinstsamp.oculus.so:libossdk.oculus.so:libparfait.oculus.so:libripcclient.oculus.so:libripcmanager.oculus.so:libappsensoraccess.oculus.so:libOVRMrcLib.oculus.so:libxrstreaminghost.oculus.so
06-14 15:50:31.386  9204  9266 D nativeloader: InitApexLibraries:
06-14 15:50:31.386  9204  9266 D nativeloader:   com_android_adservices: libhpke_jni.so:libtflite_support_classifiers_native.so
06-14 15:50:31.386  9204  9266 D nativeloader:   com_android_appsearch: libicing.so
06-14 15:50:31.386  9204  9266 D nativeloader:   com_android_art: libartservice.so
06-14 15:50:31.386  9204  9266 D nativeloader:   com_android_btservices: libbluetooth_jni.so
06-14 15:50:31.386  9204  9266 D nativeloader:   com_android_conscrypt: libjavacrypto.so
06-14 15:50:31.386  9204  9266 D nativeloader:   com_android_extservices: libhpke_jni.so:libtflite_support_classifiers_native.so
06-14 15:50:31.386  9204  9266 D nativeloader:   com_android_os_statsd: libstats_jni.so
06-14 15:50:31.386  9204  9266 D nativeloader:   com_android_tethering: libcronet.114.0.5735.84.so:libframework-connectivity-jni.so:libframework-connectivity-tiramisu-jni.so:libandroid_net_connectivity_com_android_net_module_util_jni.so:libservice-connectivity.so
06-14 15:50:31.386  9204  9266 D nativeloader:   com_android_uwb: libuwb_uci_jni_rust.so
06-14 15:50:31.386  9204  9266 D nativeloader:   com_android_virt: libvirtualizationservice_jni.so:libvirtualmachine_jni.so
06-14 15:50:31.386  9204  9266 D nativeloader:   com_meta_xr: libmrservice_plugin.so
06-14 15:50:31.388  9204  9266 I OpenXR  : Loading 64-bit Runtime.
06-14 15:50:31.396  9204  9266 I VrRuntimeClient: VrRuntimeClient(): 0x7247d774d0
06-14 15:50:31.396  9204  9266 D OsSdkLoader: OSSDK loading module 'libossdk.oculus.so'
06-14 15:50:31.406  9204  9266 I DriverLoader: Calling into SetLegacyVrApiEntryPointOverride
06-14 15:50:31.406  9204  9266 V VrApi_DriverLoader: SetLegacyVrApiEntryPointOverride: calling sprintf
06-14 15:50:31.406  9204  9266 V VrApi_DriverLoader: SetLegacyVrApiEntryPointOverride: env buffer is '0x7247bada0c'
06-14 15:50:31.406  9204  9266 V VrApi_DriverLoader: SetLegacyVrApiEntryPointOverride: calling setenv
06-14 15:50:31.406  9204  9266 I DriverLoader: Creating Temp JNIEnv
06-14 15:50:31.406  9204  9266 I DriverLoader: Calling FindClass
06-14 15:50:31.406  9204  9266 I DriverLoader: Calling RegisterNativeVrApiLoaderMethods
06-14 15:50:31.406  9204  9266 I VrApi_DriverLoader: RegisterNativeVrApiLoaderMethods: calling RegisterNatives
06-14 15:50:31.406  9204  9266 I DriverLoader: Calling RegisterNativeXrLoaderMethods
06-14 15:50:31.406  9204  9266 I OpenXR_DriverLoader: RegisterNativeVrApiLoaderMethods: calling RegisterNatives
06-14 15:50:31.406  9204  9266 I DriverLoader: Exiting JNI_OnLoad
06-14 15:50:31.409  9204  9266 I OpenXR_ClientState: OpenXRClientState::create - from xrInitializeLoaderKHR
06-14 15:50:31.409  9204  9266 I XrRuntimeSharedClientState: SharedClientState::create called from 'OpenXRClientState::init'
06-14 15:50:31.409  9204  9266 I RuntimeIPCLoader [RUNTIMEIPC]: RuntimeIPC: Loader: IPC Service API Loader Version: 84 May 29 2026 08:10:32
06-14 15:50:31.409  9204  9266 I RuntimeIPCLoader [RUNTIMEIPC]: Using android_get_exported_namespace: libripcclient.oculus.so
06-14 15:50:31.411  9204  9266 I RuntimeIPCLoader [RUNTIMEIPC]: android_get_exported_namespace SUCCESS: libripcclient.oculus.so
06-14 15:50:31.411  9204  9266 I RuntimeIPCSystem [RUNTIMEIPC]: RuntimeIPCSystem: Init called: Version: 84, Platform: Android, Build Date: May 31 2026, Build Time: 16:44:38, BuildMode: shared
06-14 15:50:31.411  9204  9266 D OsSdkLoader: OSSDK loading module 'libossdk.oculus.so'
06-14 15:50:31.412  9204  9266 I RuntimeIPCSystem [RUNTIMEIPC]: Init: Java VM is null
06-14 15:50:31.412  9204  9266 I BrokerMethodsAndroidLegacyOssdk [RUNTIMEIPC]: BrokerMethodsAndroidLegacyOssdk::Init
06-14 15:50:31.412  9204  9266 D OsSdkLoader: OSSDK loading module 'libripcmanager.oculus.so'
06-14 15:50:31.414  9204  9266 I BrokerMethodsAndroidLegacyOssdk [RUNTIMEIPC]: BrokerMethodsAndroidLegacyOssdk::Init SUCCESS
06-14 15:50:31.414  9204  9266 I BrokerRPC [RUNTIMEIPC]: InitRPCToServiceInternal
06-14 15:50:31.417  9204  9266 I RuntimeIpcManager: RuntimeIpcManager: attempting to get a service connection
06-14 15:50:31.422  9204  9266 I RuntimeIpcManager: RuntimeIpcManager: Binder call to service->connect SUCCESS
06-14 15:50:31.424  9204  9266 I BrokerRPC [RUNTIMEIPC]: InitRPCToServiceInternal: SUCCESS
06-14 15:50:31.425  9204  9278 W ThreadHelpers [RUNTIMEIPC]: RuntimeIPC::SetName: thread name 'RipcTransportMgr' was truncated to 'RipcTransportMg'
06-14 15:50:31.425  9204  9278 I RipcTransportMgr [RUNTIMEIPC]: RipcTransportMgr::MainLoop Start
06-14 15:50:31.425  9204  9266 I RuntimeIPCSystem [RUNTIMEIPC]: RuntimeIPCSystem: Init SUCCESS: Version: 84, Platform: Android, Build Date: May 31 2026, Build Time: 16:44:38, BuildMode: shared
06-14 15:50:31.425  9204  9279 I RipcServerMgr [RUNTIMEIPC]: UpdateServerListOnBroker (pid: 9204): SUCCESS (shouldNotify=true): []
06-14 15:50:31.440  9204  9266 I ClientProcessConnector [RUNTIMEIPC]: GetProcessConnection: com.oculus.systemdriver:com.oculus.vrruntimeservice
06-14 15:50:31.443  9204  9266 I RipcClientConnection [RUNTIMEIPC]: Event buffer size (client): 8192
06-14 15:50:31.443  9204  9266 I RipcClientConnection [RUNTIMEIPC]: TryToGetIPCResourcesFromServer: RPC_CONNECTOR_CONNECT_TO_SERVER SUCCESS: Client: com.example.yuuonline:com.example.yuuonline:9204, Server: com.oculus.systemdriver:com.oculus.vrruntimeservice:0 (gkcache), Version: 84, Platform: Android, Build Date: May 31 2026, Build Time: 16:44:38, BuildMode: shared
06-14 15:50:31.445  9204  9266 I RipcClientConnection [RUNTIMEIPC]: EnsureServerConnection: SUCCESS. Client: com.example.yuuonline:com.example.yuuonline:9204, Server: com.oculus.systemdriver:com.oculus.vrruntimeservice:0 (gkcache)
06-14 15:50:31.445  9204  9266 I RipcClient [RUNTIMEIPC]: [RIPC_CONNECT_LOG] ConnectToServer: SUCCESS: Client: com.example.yuuonline:com.example.yuuonline:9204, Server: com.oculus.systemdriver:com.oculus.vrruntimeservice:0 (gkcache)
06-14 15:50:31.446  9204  9266 I RipcClientState [RUNTIMEIPC]: InitServerStateBuffer: SUCCESS. 0, Client: com.example.yuuonline:com.example.yuuonline:9204, Server: com.oculus.systemdriver:com.oculus.vrruntimeservice:0 (gkcache)
06-14 15:50:31.447  9204  9266 I OpenXR_ClientState: Client state creation succeeded.
06-14 15:50:31.447  9204  9266 V OpenXR  : OpenXRForwardLoader::xrInitializeLoaderKHR [end]
06-14 15:50:31.447  9204  9266 V OpenXR  : OpenXRForwardLoader::xrNegotiateLoaderRuntimeInterface [start]
06-14 15:50:31.447  9204  9266 V OpenXR  : OpenXRForwardLoader::xrNegotiateLoaderRuntimeInterface [end]
06-14 15:50:31.447  9204  9266 I OpenXR-Loader: Info [GENERAL | xrEnumerateInstanceExtensionProperties | OpenXR-Loader] : RuntimeInterface::LoadRuntime succeeded loading runtime defined in manifest file /odm/etc/openxr/1/active_runtime.aarch64.json using interface version 1 and OpenXR API version 1.0
06-14 15:50:31.457  9204  9266 I ApplicationAttributes: IsPrivileged 0
06-14 15:50:31.457  9204  9266 I OpenXR_ExtensionAccess: Is_X_PartnerGateKeeper
06-14 15:50:31.457  9204  9266 I OpenXR_ExtensionAccess: PGK Status: exp = 0, dc = false
06-14 15:50:31.457  9204  9266 I OpenXR_ExtensionAccess: oculus_first_access = false
06-14 15:50:31.457  9204  9266 I OpenXR_Properties: Extension status: P
06-14 15:50:31.459  9204  9266 I ApplicationAttributes: IsSystem 0
06-14 15:50:31.463  9204  9266 E libosutils: Failed to get real path of file '/sys/devices/soc0/oem_variant', err: Permission denied
06-14 15:50:31.463  9204  9266 E libosutils: Failed to get real path of file '/sys/devices/soc0/platform_subtype_id', err: Permission denied
06-14 15:50:31.463  9204  9266 E libosutils: Failed to get real path of file '/sys/devices/soc0/platform_version', err: Permission denied
06-14 15:50:31.463  9204  9266 W libdeviceid: DeviceId unknown with subtype FFFFFFFF and version: 0xFFFFFFFF
06-14 15:50:31.461  9204  9204 W com.example.yuuonline: type=1400 audit(0.0:2740): avc:  denied  { search } for  comm=474C54687265616420313039 name="soc0" dev="sysfs" ino=69899 scontext=u:r:untrusted_app:s0:c165,c256,c512,c768 tcontext=u:object_r:vendor_sysfs_soc:s0 tclass=dir permissive=0 app=com.example.yuuonline
06-14 15:50:31.461  9204  9204 W com.example.yuuonline: type=1400 audit(0.0:2741): avc:  denied  { search } for  comm=474C54687265616420313039 name="soc0" dev="sysfs" ino=69899 scontext=u:r:untrusted_app:s0:c165,c256,c512,c768 tcontext=u:object_r:vendor_sysfs_soc:s0 tclass=dir permissive=0 app=com.example.yuuonline
06-14 15:50:31.461  9204  9204 W com.example.yuuonline: type=1400 audit(0.0:2742): avc:  denied  { search } for  comm=474C54687265616420313039 name="soc0" dev="sysfs" ino=69899 scontext=u:r:untrusted_app:s0:c165,c256,c512,c768 tcontext=u:object_r:vendor_sysfs_soc:s0 tclass=dir permissive=0 app=com.example.yuuonline
06-14 15:50:31.468  9204  9266 W libc    : Access denied finding property "ro.vendor.product.model_extended"
06-14 15:50:31.469  9204  9266 I OpenXR_ExtensionAccess: Checking for permissions of package com.example.yuuonline
06-14 15:50:31.469  9204  9266 I OpenXR_ExtensionAccess: Checking for features of package com.example.yuuonline
06-14 15:50:31.469  9204  9266 I OpenXR_Properties: xrEnumerateInstanceExtensionProperties: skipping extension=`XR_META_body_tracking_full_body` due to: missing uses-feature string `com.oculus.software.body_tracking` from AndroidManifest
06-14 15:50:31.469  9204  9266 I OpenXR_Properties: xrEnumerateInstanceExtensionProperties: skipping extension=`XR_FB_body_tracking` due to: missing uses-feature string `com.oculus.software.body_tracking` from AndroidManifest
06-14 15:50:31.469  9204  9266 I OpenXR_Properties: xrEnumerateInstanceExtensionProperties: skipping extension=`XR_FB_spatial_entity` due to: missing uses-permission string `horizonos.permission.USE_ANCHOR_API` from AndroidManifest in package `com.example.yuuonline`
06-14 15:50:31.469  9204  9266 I OpenXR_Properties: xrEnumerateInstanceExtensionProperties: skipping extension=`XR_FB_triangle_mesh` due to: missing uses-feature string `com.oculus.feature.PASSTHROUGH` from AndroidManifest
06-14 15:50:31.469  9204  9266 I OpenXR_Properties: xrEnumerateInstanceExtensionProperties: skipping extension=`XR_FB_passthrough` due to: missing uses-feature string `com.oculus.feature.PASSTHROUGH` from AndroidManifest
06-14 15:50:31.469  9204  9266 I OpenXR_Properties: xrEnumerateInstanceExtensionProperties: skipping extension=`XR_META_passthrough_color_lut` due to: missing uses-feature string `com.oculus.feature.PASSTHROUGH` from AndroidManifest
06-14 15:50:31.469  9204  9266 I OpenXR_Properties: xrEnumerateInstanceExtensionProperties: skipping extension=`XR_META_passthrough_layer_resumed_event` due to: missing uses-feature string `com.oculus.feature.PASSTHROUGH` from AndroidManifest
06-14 15:50:31.469  9204  9266 I OpenXR_Properties: xrEnumerateInstanceExtensionProperties: skipping extension=`XR_FB_render_model` due to: missing uses-feature string `com.oculus.feature.RENDER_MODEL` from AndroidManifest
06-14 15:50:31.469  9204  9266 I OpenXR_Properties: xrEnumerateInstanceExtensionProperties: skipping extension=`XR_FB_spatial_entity_query` due to: missing uses-permission string `horizonos.permission.USE_ANCHOR_API` from AndroidManifest in package `com.example.yuuonline`
06-14 15:50:31.469  9204  9266 I OpenXR_Properties: xrEnumerateInstanceExtensionProperties: skipping extension=`XR_META_spatial_entity_persistence` due to: missing uses-permission string `horizonos.permission.USE_ANCHOR_API` from AndroidManifest in package `com.example.yuuonline`
06-14 15:50:31.469  9204  9266 I OpenXR_Properties: xrEnumerateInstanceExtensionProperties: skipping extension=`XR_META_spatial_entity_discovery` due to: missing uses-permission string `horizonos.permission.USE_ANCHOR_API` from AndroidManifest in package `com.example.yuuonline`
06-14 15:50:31.469  9204  9266 I OpenXR_Properties: xrEnumerateInstanceExtensionProperties: skipping extension=`XR_FBX1_touch_controller_extras` due to: Tier=40 extState=P deviceIsExpEnabled=false expManifestSet=false isFirstPartyApp=false isSystemApp=false
06-14 15:50:31.469  9204  9266 I OpenXR_Properties: xrEnumerateInstanceExtensionProperties: skipping extension=`XR_FB_spatial_entity_storage` due to: missing uses-permission string `horizonos.permission.USE_ANCHOR_API` from AndroidManifest in package `com.example.yuuonline`
06-14 15:50:31.469  9204  9266 I OpenXR_Properties: xrEnumerateInstanceExtensionProperties: skipping extension=`XR_FB_spatial_entity_storage_batch` due to: missing uses-permission string `horizonos.permission.USE_ANCHOR_API` from AndroidManifest in package `com.example.yuuonline`
06-14 15:50:31.469  9204  9266 I OpenXR_Properties: xrEnumerateInstanceExtensionProperties: skipping extension=`XR_FB_spatial_entity_sharing` due to: missing uses-permission string `horizonos.permission.IMPORT_EXPORT_IOT_MAP_DATA` from AndroidManifest in package `com.example.yuuonline`
06-14 15:50:31.469  9204  9266 I OpenXR_Properties: xrEnumerateInstanceExtensionProperties: skipping extension=`XR_META_spatial_entity_sharing` due to: missing uses-permission string `horizonos.permission.IMPORT_EXPORT_IOT_MAP_DATA` from AndroidManifest in package `com.example.yuuonline`
06-14 15:50:31.469  9204  9266 I OpenXR_Properties: xrEnumerateInstanceExtensionProperties: skipping extension=`XR_META_spatial_entity_group_sharing` due to: missing uses-permission string `horizonos.permission.IMPORT_EXPORT_IOT_MAP_DATA` from AndroidManifest in package `com.example.yuuonline`
06-14 15:50:31.469  9204  9266 I OpenXR_Properties: xrEnumerateInstanceExtensionProperties: skipping extension=`XR_FB_spatial_entity_container` due to: missing uses-permission string `horizonos.permission.USE_ANCHOR_API` from AndroidManifest in package `com.example.yuuonline`
06-14 15:50:31.469  9204  9266 I OpenXR_Properties: xrEnumerateInstanceExtensionProperties: skipping extension=`XR_META_colocation_discovery` due to: missing uses-permission string `com.oculus.permission.USE_COLOCATION_DISCOVERY_API` from AndroidManifest in package `com.example.yuuonline`
06-14 15:50:31.469  9204  9266 I OpenXR_Properties: xrEnumerateInstanceExtensionProperties: skipping extension=`XR_FB_scene` due to: missing uses-permission string `horizonos.permission.USE_ANCHOR_API` from AndroidManifest in package `com.example.yuuonline`
06-14 15:50:31.469  9204  9266 I OpenXR_Properties: xrEnumerateInstanceExtensionProperties: skipping extension=`XR_FB_scene_capture` due to: missing uses-permission string `horizonos.permission.USE_ANCHOR_API` from AndroidManifest in package `com.example.yuuonline`
06-14 15:50:31.469  9204  9266 I OpenXR_Properties: xrEnumerateInstanceExtensionProperties: skipping extension=`XR_META_spatial_entity_mesh` due to: missing uses-permission string `horizonos.permission.USE_SCENE` from AndroidManifest in package `com.example.yuuonline`
06-14 15:50:31.469  9204  9266 I OpenXR_Properties: xrEnumerateInstanceExtensionProperties: skipping extension=`XR_META_spatial_entity_room_mesh` due to: missing uses-permission string `horizonos.permission.USE_SCENE` from AndroidManifest in package `com.example.yuuonline`
06-14 15:50:31.469  9204  9266 I OpenXR_Properties: xrEnumerateInstanceExtensionProperties: skipping extension=`XR_FB_face_tracking` due to: missing uses-feature string `oculus.software.face_tracking` from AndroidManifest
06-14 15:50:31.469  9204  9266 I OpenXR_Properties: xrEnumerateInstanceExtensionProperties: skipping extension=`XR_FB_face_tracking2` due to: missing uses-feature string `oculus.software.face_tracking` from AndroidManifest
06-14 15:50:31.469  9204  9266 I OpenXR_Properties: xrEnumerateInstanceExtensionProperties: skipping extension=`XR_META_face_tracking_visemes` due to: missing uses-feature string `oculus.software.face_tracking` from AndroidManifest
06-14 15:50:31.469  9204  9266 I OpenXR_Properties: xrEnumerateInstanceExtensionProperties: skipping extension 'XR_META_local_dimming' as device requirements requirements (16) are not met.
06-14 15:50:31.469  9204  9266 I OpenXR_Properties: xrEnumerateInstanceExtensionProperties: skipping extension=`XR_META_foveation_eye_tracked` due to: missing uses-feature string `oculus.software.eye_tracking` from AndroidManifest
06-14 15:50:31.469  9204  9266 I OpenXR_Properties: xrEnumerateInstanceExtensionProperties: skipping extension=`XR_FB_eye_tracking_social` due to: missing uses-feature string `oculus.software.eye_tracking` from AndroidManifest
06-14 15:50:31.469  9204  9266 I OpenXR_Properties: xrEnumerateInstanceExtensionProperties: skipping extension=`XR_FBX1_composition_layer_depth_test` due to: Tier=40 extState=P deviceIsExpEnabled=false expManifestSet=false isFirstPartyApp=false isSystemApp=false
06-14 15:50:31.469  9204  9266 I OpenXR_Properties: xrEnumerateInstanceExtensionProperties: skipping extension=`XR_EXT_eye_gaze_interaction` due to: missing uses-permission string `horizonos.permission.EYE_TRACKING` from AndroidManifest in package `com.example.yuuonline`
06-14 15:50:31.469  9204  9266 I OpenXR_Properties: xrEnumerateInstanceExtensionProperties: skipping extension=`XR_META_hand_tracking_wide_motion_mode` due to: missing uses-feature string `com.oculus.software.body_tracking` from AndroidManifest
06-14 15:50:31.469  9204  9266 I OpenXR_Properties: xrEnumerateInstanceExtensionProperties: skipping extension=`XR_METAX1_hand_tracking_wide_motion_mode2` due to: Tier=40 extState=P deviceIsExpEnabled=false expManifestSet=false isFirstPartyApp=false isSystemApp=false
06-14 15:50:31.469  9204  9266 I OpenXR_Properties: xrEnumerateInstanceExtensionProperties: skipping extension=`XR_META_hand_tracking_wide_motion_mode2` due to: missing uses-feature string `com.oculus.software.body_tracking` from AndroidManifest
06-14 15:50:31.469  9204  9266 I OpenXR_Properties: xrEnumerateInstanceExtensionProperties: skipping extension=`XR_METAX1_hand_tracking_frequency_hint` due to: Tier=40 extState=P deviceIsExpEnabled=false expManifestSet=false isFirstPartyApp=false isSystemApp=false
06-14 15:50:31.469  9204  9266 I OpenXR_Properties: xrEnumerateInstanceExtensionProperties: skipping extension=`XR_METAX1_hand_tracking_unextrapolated_poses` due to: Tier=40 extState=P deviceIsExpEnabled=false expManifestSet=false isFirstPartyApp=false isSystemApp=false
06-14 15:50:31.469  9204  9266 I OpenXR_Properties: xrEnumerateInstanceExtensionProperties: skipping extension=`XR_METAX1_spatial_entity_marker` due to: Tier=40 extState=P deviceIsExpEnabled=false expManifestSet=false isFirstPartyApp=false isSystemApp=false
06-14 15:50:31.469  9204  9266 I OpenXR_Properties: xrEnumerateInstanceExtensionProperties: skipping extension=`XR_METAX1_virtual_keyboard` due to: Tier=40 extState=P deviceIsExpEnabled=false expManifestSet=false isFirstPartyApp=false isSystemApp=false
06-14 15:50:31.469  9204  9266 I OpenXR_Properties: xrEnumerateInstanceExtensionProperties: skipping extension=`XR_METAX2_virtual_keyboard` due to: Tier=40 extState=P deviceIsExpEnabled=false expManifestSet=false isFirstPartyApp=false isSystemApp=false
06-14 15:50:31.469  9204  9266 I OpenXR_Properties: xrEnumerateInstanceExtensionProperties: skipping extension=`XR_EXTX1_event_channel` due to: Tier=40 extState=P deviceIsExpEnabled=false expManifestSet=false isFirstPartyApp=false isSystemApp=false
06-14 15:50:31.469  9204  9266 I OpenXR_Properties: xrEnumerateInstanceExtensionProperties: skipping extension=`XR_METAX1_environment_depth` due to: Tier=40 extState=P deviceIsExpEnabled=false expManifestSet=false isFirstPartyApp=false isSystemApp=false
06-14 15:50:31.469  9204  9266 I OpenXR_Properties: xrEnumerateInstanceExtensionProperties: skipping extension=`XR_METAX2_environment_depth` due to: Tier=40 extState=P deviceIsExpEnabled=false expManifestSet=false isFirstPartyApp=false isSystemApp=false
06-14 15:50:31.469  9204  9266 I OpenXR_Properties: xrEnumerateInstanceExtensionProperties: skipping extension=`XR_META_environment_depth` due to: missing uses-permission string `horizonos.permission.USE_SCENE` from AndroidManifest in package `com.example.yuuonline`
06-14 15:50:31.469  9204  9266 I OpenXR_Properties: xrEnumerateInstanceExtensionProperties: skipping extension=`XR_META_environment_raycast` due to: missing uses-permission string `horizonos.permission.USE_SCENE` from AndroidManifest in package `com.example.yuuonline`
06-14 15:50:31.469  9204  9266 I OpenXR_Properties: xrEnumerateInstanceExtensionProperties: skipping extension=`XR_META_body_tracking_fidelity` due to: missing uses-feature string `com.oculus.software.body_tracking` from AndroidManifest
06-14 15:50:31.469  9204  9266 I OpenXR_Properties: xrEnumerateInstanceExtensionProperties: skipping extension=`XR_META_body_tracking_calibration` due to: missing uses-feature string `com.oculus.software.body_tracking` from AndroidManifest
06-14 15:50:31.469  9204  9266 I OpenXR_Properties: xrEnumerateInstanceExtensionProperties: skipping extension=`XR_META_boundary_visibility` due to: missing uses-permission string `com.oculus.permission.BOUNDARY_VISIBILITY` from AndroidManifest in package `com.example.yuuonline`
06-14 15:50:31.469  9204  9266 I OpenXR_Properties: xrEnumerateInstanceExtensionProperties: skipping extension=`XR_METAX1_dynamic_object_tracker` due to: Tier=40 extState=P deviceIsExpEnabled=false expManifestSet=false isFirstPartyApp=false isSystemApp=false
06-14 15:50:31.469  9204  9266 I OpenXR_Properties: xrEnumerateInstanceExtensionProperties: skipping extension=`XR_META_dynamic_object_tracker` due to: missing uses-permission string `horizonos.permission.USE_SCENE` from AndroidManifest in package `com.example.yuuonline`
06-14 15:50:31.469  9204  9266 I OpenXR_Properties: xrEnumerateInstanceExtensionProperties: skipping extension=`XR_META_dynamic_object_keyboard` due to: missing uses-permission string `horizonos.permission.USE_SCENE` from AndroidManifest in package `com.example.yuuonline`
06-14 15:50:31.469  9204  9266 I OpenXR_Properties: xrEnumerateInstanceExtensionProperties: skipping extension=`XR_METAX2_debug_utils_region_profiling` due to: Tier=40 extState=P deviceIsExpEnabled=false expManifestSet=false isFirstPartyApp=false isSystemApp=false
06-14 15:50:31.469  9204  9266 I OpenXR_Properties: xrEnumerateInstanceExtensionProperties: skipping extension=`XR_METAX3_debug_utils_region_profiling` due to: Tier=40 extState=P deviceIsExpEnabled=false expManifestSet=false isFirstPartyApp=false isSystemApp=false
06-14 15:50:31.469  9204  9266 I OpenXR_Properties: xrEnumerateInstanceExtensionProperties: skipping extension=`XR_EXTX2_stationary_reference_space` due to: Tier=40 extState=P deviceIsExpEnabled=false expManifestSet=false isFirstPartyApp=false isSystemApp=false
06-14 15:50:31.469  9204  9266 I OpenXR_Properties: xrEnumerateInstanceExtensionProperties: skipping extension=`XR_EXT_spatial_entity` due to: missing uses-permission string `horizonos.permission.USE_ANCHOR_API` from AndroidManifest in package `com.example.yuuonline`
06-14 15:50:31.469  9204  9266 I OpenXR_Properties: xrEnumerateInstanceExtensionProperties: skipping extension=`XR_EXT_spatial_anchor` due to: missing uses-permission string `horizonos.permission.USE_ANCHOR_API` from AndroidManifest in package `com.example.yuuonline`
06-14 15:50:31.469  9204  9266 I OpenXR_Properties: xrEnumerateInstanceExtensionProperties: skipping extension=`XR_EXT_spatial_plane_tracking` due to: missing uses-permission string `horizonos.permission.USE_SCENE` from AndroidManifest in package `com.example.yuuonline`
06-14 15:50:31.469  9204  9266 I OpenXR_Properties: xrEnumerateInstanceExtensionProperties: skipping extension=`XR_EXT_spatial_persistence` due to: missing uses-permission string `horizonos.permission.USE_ANCHOR_API` from AndroidManifest in package `com.example.yuuonline`
06-14 15:50:31.469  9204  9266 I OpenXR_Properties: xrEnumerateInstanceExtensionProperties: skipping extension=`XR_EXT_spatial_persistence_operations` due to: missing uses-permission string `horizonos.permission.USE_ANCHOR_API` from AndroidManifest in package `com.example.yuuonline`
06-14 15:50:31.469  9204  9266 I OpenXR_Properties: xrEnumerateInstanceExtensionProperties: skipping extension=`XR_EXT_spatial_marker_tracking` due to: missing uses-permission string `horizonos.permission.USE_SCENE` from AndroidManifest in package `com.example.yuuonline`
06-14 15:50:31.469  9204  9266 I OpenXR_Properties: xrEnumerateInstanceExtensionProperties: skipping extension=`XR_EXTX1_haptic_parametric` due to: Tier=40 extState=P deviceIsExpEnabled=false expManifestSet=false isFirstPartyApp=false isSystemApp=false
06-14 15:50:31.469  9204  9266 V OpenXR-Loader: Verbose [GENERAL | xrEnumerateInstanceExtensionProperties | OpenXR-Loader] : Completed loader trampoline
06-14 15:50:31.469  9204  9266 V OpenXR-Loader: Verbose [GENERAL | xrEnumerateInstanceExtensionProperties | OpenXR-Loader] : Entering loader trampoline
06-14 15:50:31.470  9204  9266 V OpenXR-Loader: Verbose [GENERAL | xrEnumerateInstanceExtensionProperties | OpenXR-Loader] : Completed loader trampoline
06-14 15:50:31.470  9204  9266 V OpenXR-Loader: Verbose [GENERAL | xrCreateInstance | OpenXR-Loader] : Entering loader trampoline
06-14 15:50:31.470  9204  9266 V OpenXR-Loader: Verbose [GENERAL | xrCreateInstance | OpenXR-Loader] : Entering LoaderInstance::CreateInstance
06-14 15:50:31.471  9204  9266 V OpenXR-Loader: Verbose [GENERAL | xrCreateInstance | OpenXR-Loader] : Entering loader terminator
06-14 15:50:31.471  9204  9266 I OpenXR_Properties: ----------- xrCreateInstance [start] ----------
06-14 15:50:31.471  9204  9266 I OpenXR_ClientState: OpenXRClientState::create - from xrCreateInstance
06-14 15:50:31.471  9204  9266 I VersionGater: App OpenXR version is 1.1.54
06-14 15:50:31.471  9204  9266 I VersionGater: Version gate state: 1111 1111 1111 1111 1111 1111 10
06-14 15:50:31.491  9204  9204 W com.example.yuuonline: type=1400 audit(0.0:2743): avc:  denied  { read } for  comm=474C54687265616420313039 name="u:object_r:hzos_device_features_prop:s0" dev="tmpfs" ino=274 scontext=u:r:untrusted_app:s0:c165,c256,c512,c768 tcontext=u:object_r:hzos_device_features_prop:s0 tclass=file permissive=0 app=com.example.yuuonline
06-14 15:50:31.493  9204  9266 I TREX    : Initializing TREX for client 547017bf52c330e9...
06-14 15:50:31.493  9204  9266 I TREX    : Initializing system...
06-14 15:50:31.493  9204  9266 W libc    : Access denied finding property "ro.device.feature.tracking.inside_out_body_tracking.disabled"
06-14 15:50:31.493  9204  9266 W GkCacheQuerierClient: getGkValue: Query result for 'oculus_xrruntime:oculus_trex_insightsdk_killsw' not successful: 4
06-14 15:50:31.493  9204  9266 W libc    : Access denied finding property "ro.vendor.hw.device_config"
06-14 15:50:31.493  9204  9266 W libc    : Access denied finding property "ro.vendor.product.model_extended"
06-14 15:50:31.493  9204  9266 I TREX    : PTINC: API=vrruntime
06-14 15:50:31.493  9204  9266 W GkCacheQuerierClient: getGkValue: Query result for 'oculus_xrruntime:oculus_trex_insightsdk_killsw' not successful: 4
06-14 15:50:31.493  9204  9266 I TREXLoadPolicy: Plugin ':': GK killswitch is enabled! Plugin will be skipped!
06-14 15:50:31.498  9204  9266 I TREX    : Created plugin package context for com.oculus.systemdriver
06-14 15:50:31.499  9204  9266 I RuntimeIPCSystem [RUNTIMEIPC]: RuntimeIPCSystem: Init called: Version: 84, Platform: Android, Build Date: May 31 2026, Build Time: 16:44:38, BuildMode: shared
06-14 15:50:31.506  9204  9266 I RipcClientConnection [RUNTIMEIPC]: Event buffer size (client): 8192
06-14 15:50:31.506  9204  9266 I RipcClientConnection [RUNTIMEIPC]: TryToGetIPCResourcesFromServer: RPC_CONNECTOR_CONNECT_TO_SERVER SUCCESS: Client: com.example.yuuonline:com.example.yuuonline:9204, Server: com.oculus.systemdriver:com.oculus.vrruntimeservice:0 (HapticsServer), Version: 84, Platform: Android, Build Date: May 31 2026, Build Time: 16:44:38, BuildMode: shared
06-14 15:50:31.509  9204  9266 I RipcClientConnection [RUNTIMEIPC]: EnsureServerConnection: SUCCESS. Client: com.example.yuuonline:com.example.yuuonline:9204, Server: com.oculus.systemdriver:com.oculus.vrruntimeservice:0 (HapticsServer)
06-14 15:50:31.510  9204  9266 I RipcClient [RUNTIMEIPC]: [RIPC_CONNECT_LOG] ConnectToServer: SUCCESS: Client: com.example.yuuonline:com.example.yuuonline:9204, Server: com.oculus.systemdriver:com.oculus.vrruntimeservice:0 (HapticsServer)
06-14 15:50:31.510  9204  9266 I TREX    : Loading EMGSDK Client Plugin
06-14 15:50:31.510  9204  9266 I TREX    : Created plugin package context for com.oculus.systemdriver
06-14 15:50:31.511  9204  9266 I RuntimeIPCSystem [RUNTIMEIPC]: RuntimeIPCSystem: Init called: Version: 84, Platform: Android, Build Date: May 31 2026, Build Time: 16:44:38, BuildMode: shared
06-14 15:50:31.524  9204  9266 I RipcClientConnection [RUNTIMEIPC]: Event buffer size (client): 8192
06-14 15:50:31.524  9204  9266 I RipcClientConnection [RUNTIMEIPC]: TryToGetIPCResourcesFromServer: RPC_CONNECTOR_CONNECT_TO_SERVER SUCCESS: Client: com.example.yuuonline:com.example.yuuonline:9204, Server: com.oculus.systemdriver:com.oculus.vrruntimeservice:0 (HandInputDataServer), Version: 84, Platform: Android, Build Date: May 31 2026, Build Time: 16:44:38, BuildMode: shared
06-14 15:50:31.527  9204  9266 I RipcClientConnection [RUNTIMEIPC]: EnsureServerConnection: SUCCESS. Client: com.example.yuuonline:com.example.yuuonline:9204, Server: com.oculus.systemdriver:com.oculus.vrruntimeservice:0 (HandInputDataServer)
06-14 15:50:31.527  9204  9266 I RipcClient [RUNTIMEIPC]: [RIPC_CONNECT_LOG] ConnectToServer: SUCCESS: Client: com.example.yuuonline:com.example.yuuonline:9204, Server: com.oculus.systemdriver:com.oculus.vrruntimeservice:0 (HandInputDataServer)
06-14 15:50:31.531  9204  9266 W GkCacheQuerierClient: getGkValue: Query result for 'oculus_xrruntime:oculus_trex_insight_debug_killsw' not successful: 4
06-14 15:50:31.532  9204  9266 I TREX    : Loading plugin com.oculus.wearableinputservice:libtrex_emgwristband_client_plugin.so
06-14 15:50:31.532  9204  9266 I TREX    : package 'com.oculus.wearableinputservice' not found, skipping
06-14 15:50:31.532  9204  9266 I TREX    : Plugin 'com.oculus.wearableinputservice:libtrex_emgwristband_client_plugin.so' not loaded.
06-14 15:50:31.532  9204  9266 I TREX    : Loading plugin com.oculus.appautomation:libtrex_app_automation_plugin_v1.so
06-14 15:50:31.537  9204  9266 D AndroidLibraryResolver: Loading 'libtrex_app_automation_plugin_v1.so' from package 'com.oculus.appautomation'
06-14 15:50:31.543  9204  9266 D nativeloader: Configuring clns-shared-9 for other apk /system_ext/app/OculusAppAutomationTREX/OculusAppAutomationTREX.apk. target_sdk_version=34, uses_libraries=, library_path=/system_ext/app/OculusAppAutomationTREX/lib/arm64:/system_ext/app/OculusAppAutomationTREX/OculusAppAutomationTREX.apk!/lib/arm64-v8a:/system/lib64:/system_ext/lib64:/apex/com.meta.xr/priv-app/VrDriver/VrDriver.apk!/lib/arm64-v8a, permitted_path=/data:/mnt/expand::/system_ext/app/OculusAppAutomationTREX:/system/lib64:/system_ext/lib64
06-14 15:50:31.545  9204  9266 D AndroidLibraryResolver: Attempting to find getAPIFunction64
06-14 15:50:31.545  9204  9266 V LibLoaderImpl: Loading 64-bit LibLoaderImpl.
06-14 15:50:31.545  9204  9266 V LibLoaderImpl: internalGetAPIFunction: loadLibrary 'loaderimpl'
06-14 15:50:31.545  9204  9266 V LibLoaderImpl: Using System.loadLibrary
06-14 15:50:31.547  9204  9266 I libloaderimpl: nativeSetClassLoader:0x3386
06-14 15:50:31.547  9204  9266 V LibLoaderImpl: internalGetAPIFunction: calling nativeGetAPIFunction
06-14 15:50:31.547  9204  9266 I libloaderimpl: LibLoaderImpl nativeGetAPIFunction.
06-14 15:50:31.547  9204  9266 I libloaderimpl: LibLoaderHandle SUCCESS
06-14 15:50:31.547  9204  9266 I TREX    : loaded 'com.oculus.appautomation:libtrex_app_automation_plugin_v1.so'
06-14 15:50:31.547  9204  9266 I libloaderimpl: LibLoaderImpl GetAPIFunction. libName: libtrex_app_automation_plugin_v1.so, funcName: trex_GetPluginInfo
06-14 15:50:31.548  9204  9266 I libloaderimpl: LibLoaderImpl GetAPIFunction. libName: libtrex_app_automation_plugin_v1.so, funcName: trex_Initialize
06-14 15:50:31.548  9204  9266 I libloaderimpl: LibLoaderImpl GetAPIFunction. libName: libtrex_app_automation_plugin_v1.so, funcName: trex_Shutdown
06-14 15:50:31.549  9204  9266 I TREX    : Created plugin package context for com.oculus.appautomation
06-14 15:50:31.550  9204  9266 I TREX    : Interface 'WristbandClientInterface', version 6 was not found. Check debug build for more information.
06-14 15:50:31.550  9204  9266 I RuntimeIPCSystem [RUNTIMEIPC]: RuntimeIPCSystem: Init called: Version: 84, Platform: Android, Build Date: May 31 2026, Build Time: 16:44:38, BuildMode: shared
06-14 15:50:31.563  9204  9266 I RipcClientConnection [RUNTIMEIPC]: Event buffer size (client): 8192
06-14 15:50:31.563  9204  9266 I RipcClientConnection [RUNTIMEIPC]: TryToGetIPCResourcesFromServer: RPC_CONNECTOR_CONNECT_TO_SERVER SUCCESS: Client: com.example.yuuonline:com.example.yuuonline:9204, Server: com.oculus.systemdriver:com.oculus.vrruntimeservice:0 (RuntimeServiceDevice), Version: 84, Platform: Android, Build Date: May 31 2026, Build Time: 16:44:38, BuildMode: shared
06-14 15:50:31.563  9204  9266 I RipcClientConnection [RUNTIMEIPC]: EnsureServerConnection: SUCCESS. Client: com.example.yuuonline:com.example.yuuonline:9204, Server: com.oculus.systemdriver:com.oculus.vrruntimeservice:0 (RuntimeServiceDevice)
06-14 15:50:31.563  9204  9266 I RipcClient [RUNTIMEIPC]: [RIPC_CONNECT_LOG] ConnectToServer: SUCCESS: Client: com.example.yuuonline:com.example.yuuonline:9204, Server: com.oculus.systemdriver:com.oculus.vrruntimeservice:0 (RuntimeServiceDevice)
06-14 15:50:31.564  9204  9266 I RipcClient [RUNTIMEIPC]: [RIPC_CONNECT_LOG] DisconnectFromServer: 1, Client: com.example.yuuonline:com.example.yuuonline:9204, Server: com.oculus.systemdriver:com.oculus.vrruntimeservice:0 (RuntimeServiceDevice)
06-14 15:50:31.565  9204  9266 I RipcClient [RUNTIMEIPC]: ShutdownLocked: Remaining refs: 0, Client: com.example.yuuonline:com.example.yuuonline:9204, Server: com.oculus.systemdriver:com.oculus.vrruntimeservice:0 (RuntimeServiceDevice)
06-14 15:50:31.565  9204  9292 I RuntimeIPCNotificationThread [RUNTIMEIPC]: RuntimeIPCNotificationThread MainLoop: WaitForNotification canceled during shutdown
06-14 15:50:31.565  9204  9292 I RuntimeIPCNotificationThread [RUNTIMEIPC]: RuntimeIPCNotificationThread MainLoop: exiting
06-14 15:50:31.565  9204  9266 I RipcClient [RUNTIMEIPC]: [RIPC_CONNECT_LOG] Shutdown: clientId: 16777221, Client: com.example.yuuonline:com.example.yuuonline:9204, Server: com.oculus.systemdriver:com.oculus.vrruntimeservice:0 (RuntimeServiceDevice), SUCCESS
06-14 15:50:31.565  9204  9266 I RipcClientMgr [RUNTIMEIPC]: [RIPC_CONNECT_LOG] DisconnectFromServer DONE: clientId: 16777221, Client: com.example.yuuonline:com.example.yuuonline:9204, Server: com.oculus.systemdriver:com.oculus.vrruntimeservice:0 (RuntimeServiceDevice)
06-14 15:50:31.567  9204  9266 I Distortion_HmdConfig: Initializing Mesh Decenter Correction
06-14 15:50:31.567  9204  9266 I Distortion_HmdConfig: Decenter tester version = 200
06-14 15:50:31.567  9204  9266 I Distortion_HmdConfig: SetLensPositions - iad=0.0635, left offset=-0.003036,5.55444e-05, right offset=0.00339371,-5.12035e-05
06-14 15:50:31.567  9204  9266 I VrRuntimeCompatHelper: DevicesSupported : 5 devices, quest2|quest3|quest3s|questpro
06-14 15:50:31.567  9204  9266 I ApplicationAttributes: IsSystem 0
06-14 15:50:31.572  9204  9266 I Distortion_HmdConfig: Initializing Mesh Decenter Correction
06-14 15:50:31.572  9204  9266 I Distortion_HmdConfig: Decenter tester version = 200
06-14 15:50:31.572  9204  9266 I Distortion_HmdConfig: SetLensPositions - iad=0.0635, left offset=-0.003036,5.55444e-05, right offset=0.00339371,-5.12035e-05
06-14 15:50:31.572  9204  9266 I OpenXR_Properties: ----------- xrCreateInstance [end] ----------
06-14 15:50:31.572  9204  9266 V OpenXR_DriverLoader: xrGetInstanceProcAddr: xrSetDebugUtilsObjectNameEXT not supported, the extension is not enabled for the requested OpenXR API version or enabled OpenXR extensions
06-14 15:50:31.573  9204  9266 V OpenXR_DriverLoader: xrGetInstanceProcAddr: xrCreateDebugUtilsMessengerEXT not supported, the extension is not enabled for the requested OpenXR API version or enabled OpenXR extensions
06-14 15:50:31.573  9204  9266 V OpenXR_DriverLoader: xrGetInstanceProcAddr: xrDestroyDebugUtilsMessengerEXT not supported, the extension is not enabled for the requested OpenXR API version or enabled OpenXR extensions
